Component: Arm Compiler for Embedded 6.18 Tool: armlink [5e4cc100]

==============================================================================

Section Cross References

    main.o(.text.INIT) refers to adc.o(.text.ADCInt) for ADCInt
    main.o(.text.INIT) refers to relay.o(.text.relay_Init) for relay_Init
    main.o(.ARM.exidx.text.INIT) refers to main.o(.text.INIT) for [Anonymous Symbol]
    main.o(.text.LCD_Task) refers to lcd.o(.text.LCD_create) for LCD_create
    main.o(.text.LCD_Task) refers to lcd.o(.text.LCD_init) for LCD_init
    main.o(.text.LCD_Task) refers to main.o(.bss.xQueue) for xQueue
    main.o(.text.LCD_Task) refers to queue.o(.text.xQueueReceive) for xQueueReceive
    main.o(.text.LCD_Task) refers to lcd.o(.text.LCD_clear) for LCD_clear
    main.o(.text.LCD_Task) refers to lcd.o(.text.LCD_setPosition) for LCD_setPosition
    main.o(.text.LCD_Task) refers to lcd.o(.text.LCD_sendNum) for LCD_sendNum
    main.o(.text.LCD_Task) refers to tasks.o(.text.vTaskDelay) for vTaskDelay
    main.o(.ARM.exidx.text.LCD_Task) refers to main.o(.text.LCD_Task) for [Anonymous Symbol]
    main.o(.text.ADC_Task) refers to adc.o(.text.ADCreadTemp) for ADCreadTemp
    main.o(.text.ADC_Task) refers to main.o(.data.templimit) for templimit
    main.o(.text.ADC_Task) refers to main.o(.data.slack) for slack
    main.o(.text.ADC_Task) refers to main.o(.bss.xQueue) for xQueue
    main.o(.text.ADC_Task) refers to queue.o(.text.xQueueGenericSend) for xQueueGenericSend
    main.o(.ARM.exidx.text.ADC_Task) refers to main.o(.text.ADC_Task) for [Anonymous Symbol]
    main.o(.text.main) refers to main.o(.text.INIT) for INIT
    main.o(.text.main) refers to queue.o(.text.xQueueGenericCreate) for xQueueGenericCreate
    main.o(.text.main) refers to main.o(.bss.xQueue) for xQueue
    main.o(.text.main) refers to main.o(.text.ADC_Task) for ADC_Task
    main.o(.text.main) refers to main.o(.rodata.str1.1) for .L.str
    main.o(.text.main) refers to tasks.o(.text.xTaskCreate) for xTaskCreate
    main.o(.text.main) refers to main.o(.text.LCD_Task) for LCD_Task
    main.o(.text.main) refers to tasks.o(.text.vTaskStartScheduler) for vTaskStartScheduler
    main.o(.ARM.exidx.text.main) refers to main.o(.text.main) for [Anonymous Symbol]
    uart.o(.ARM.exidx.text.uart0_Init) refers to uart.o(.text.uart0_Init) for [Anonymous Symbol]
    uart.o(.ARM.exidx.text.UART0_sendChar) refers to uart.o(.text.UART0_sendChar) for [Anonymous Symbol]
    uart.o(.text.UART0_sendState) refers to uart.o(.text.UART0_sendChar) for UART0_sendChar
    uart.o(.ARM.exidx.text.UART0_sendState) refers to uart.o(.text.UART0_sendState) for [Anonymous Symbol]
    lcd.o(.ARM.exidx.text.LCD_create) refers to lcd.o(.text.LCD_create) for [Anonymous Symbol]
    lcd.o(.ARM.exidx.text.LCD_CTRL_BUS) refers to lcd.o(.text.LCD_CTRL_BUS) for [Anonymous Symbol]
    lcd.o(.ARM.exidx.text.LCD_DATA_BUS) refers to lcd.o(.text.LCD_DATA_BUS) for [Anonymous Symbol]
    lcd.o(.text.LCD_setup) refers to sysctl.o(i.SysCtlPeripheralEnable) for SysCtlPeripheralEnable
    lcd.o(.text.LCD_setup) refers to lcd.o(.text.LCD_CTRL_BUS) for LCD_CTRL_BUS
    lcd.o(.text.LCD_setup) refers to gpio.o(i.GPIOPinTypeGPIOOutput) for GPIOPinTypeGPIOOutput
    lcd.o(.text.LCD_setup) refers to lcd.o(.text.LCD_DATA_BUS) for LCD_DATA_BUS
    lcd.o(.ARM.exidx.text.LCD_setup) refers to lcd.o(.text.LCD_setup) for [Anonymous Symbol]
    lcd.o(.text.LCD_init) refers to lcd.o(.text.LCD_setup) for LCD_setup
    lcd.o(.text.LCD_init) refers to lcd.o(.text.LCD_CTRL_BUS) for LCD_CTRL_BUS
    lcd.o(.text.LCD_init) refers to gpio.o(i.GPIOPinWrite) for GPIOPinWrite
    lcd.o(.text.LCD_init) refers to lcd.o(.text.LCD_DATA_BUS) for LCD_DATA_BUS
    lcd.o(.text.LCD_init) refers to sysctl.o(.emb_text) for SysCtlDelay
    lcd.o(.text.LCD_init) refers to lcd.o(.text.LCD_sendNibble) for LCD_sendNibble
    lcd.o(.text.LCD_init) refers to lcd.o(.text.LCD_sendByte) for LCD_sendByte
    lcd.o(.text.LCD_init) refers to lcd.o(.text.LCD_clear) for LCD_clear
    lcd.o(.ARM.exidx.text.LCD_init) refers to lcd.o(.text.LCD_init) for [Anonymous Symbol]
    lcd.o(.text.LCD_sendNibble) refers to gpio.o(i.GPIOPinWrite) for GPIOPinWrite
    lcd.o(.text.LCD_sendNibble) refers to sysctl.o(.emb_text) for SysCtlDelay
    lcd.o(.ARM.exidx.text.LCD_sendNibble) refers to lcd.o(.text.LCD_sendNibble) for [Anonymous Symbol]
    lcd.o(.text.LCD_sendByte) refers to gpio.o(i.GPIOPinWrite) for GPIOPinWrite
    lcd.o(.text.LCD_sendByte) refers to lcd.o(.text.LCD_inc_cnt) for LCD_inc_cnt
    lcd.o(.text.LCD_sendByte) refers to lcd.o(.text.LCD_sendNibble) for LCD_sendNibble
    lcd.o(.ARM.exidx.text.LCD_sendByte) refers to lcd.o(.text.LCD_sendByte) for [Anonymous Symbol]
    lcd.o(.text.LCD_clear) refers to lcd.o(.text.LCD_sendByte) for LCD_sendByte
    lcd.o(.text.LCD_clear) refers to sysctl.o(.emb_text) for SysCtlDelay
[...]
    [Anonymous Symbol]                       0x0000202c   Section        0  list.o(.text.uxListRemove)
    [Anonymous Symbol]                       0x00002074   Section        0  list.o(.text.vListInitialise)
    [Anonymous Symbol]                       0x000020a4   Section        0  list.o(.text.vListInitialiseItem)
    [Anonymous Symbol]                       0x000020b4   Section        0  list.o(.text.vListInsert)
    vPortEnableVFP                           0x00002121   Thumb Code    20  port.o(.text.vPortEnableVFP)
    [Anonymous Symbol]                       0x00002120   Section        0  port.o(.text.vPortEnableVFP)
    [Anonymous Symbol]                       0x00002134   Section        0  port.o(.text.vPortEnterCritical)
    [Anonymous Symbol]                       0x0000218c   Section        0  port.o(.text.vPortExitCritical)
    [Anonymous Symbol]                       0x000021d8   Section        0  heap_1.o(.text.vPortFree)
    [Anonymous Symbol]                       0x000021fc   Section        0  port.o(.text.vPortSetupTimerInterrupt)
    [Anonymous Symbol]                       0x00002274   Section        0  port.o(.text.vPortSuppressTicksAndSleep)
    [Anonymous Symbol]                       0x00002480   Section        0  queue.o(.text.vQueueWaitForMessageRestricted)
    [Anonymous Symbol]                       0x000024e4   Section        0  tasks.o(.text.vTaskDelay)
    [Anonymous Symbol]                       0x00002554   Section        0  tasks.o(.text.vTaskInternalSetTimeOutState)
    [Anonymous Symbol]                       0x00002578   Section        0  tasks.o(.text.vTaskMissedYield)
    [Anonymous Symbol]                       0x00002588   Section        0  tasks.o(.text.vTaskPlaceOnEventList)
    [Anonymous Symbol]                       0x000025cc   Section        0  tasks.o(.text.vTaskPlaceOnEventListRestricted)
    [Anonymous Symbol]                       0x00002648   Section        0  tasks.o(.text.vTaskStartScheduler)
    [Anonymous Symbol]                       0x00002704   Section        0  tasks.o(.text.vTaskStepTick)
    [Anonymous Symbol]                       0x00002750   Section        0  tasks.o(.text.vTaskSuspendAll)
    __tagsym$$used.0                         0x00002760   Number         0  tasks.o(.text.vTaskSwitchContext)
    [Anonymous Symbol]                       0x00002760   Section        0  tasks.o(.text.vTaskSwitchContext)
    [Anonymous Symbol]                       0x00002820   Section        0  port.o(.text.xPortStartScheduler)
    [Anonymous Symbol]                       0x00002978   Section        0  queue.o(.text.xQueueGenericCreate)
    [Anonymous Symbol]                       0x00002a14   Section        0  queue.o(.text.xQueueGenericReset)
    [Anonymous Symbol]                       0x00002b1c   Section        0  queue.o(.text.xQueueGenericSend)
    [Anonymous Symbol]                       0x00002d90   Section        0  queue.o(.text.xQueueReceive)
    [Anonymous Symbol]                       0x00002f6c   Section        0  tasks.o(.text.xTaskCheckForTimeOut)
    [Anonymous Symbol]                       0x00003068   Section        0  tasks.o(.text.xTaskCreate)
    [Anonymous Symbol]                       0x00003100   Section        0  tasks.o(.text.xTaskGetSchedulerState)
    [Anonymous Symbol]                       0x00003138   Section        0  tasks.o(.text.xTaskGetTickCount)
    [Anonymous Symbol]                       0x0000314c   Section        0  tasks.o(.text.xTaskIncrementTick)
    [Anonymous Symbol]                       0x000033ac   Section        0  tasks.o(.text.xTaskPriorityDisinherit)
    [Anonymous Symbol]                       0x000034e4   Section        0  tasks.o(.text.xTaskRemoveFromEventList)
    [Anonymous Symbol]                       0x00003678   Section        0  tasks.o(.text.xTaskResumeAll)
    [Anonymous Symbol]                       0x0000389c   Section        0  timers.o(.text.xTimerCreateTimerTask)
    i.GPIODirModeSet                         0x00003908   Section        0  gpio.o(i.GPIODirModeSet)
    i.GPIOPadConfigSet                       0x00003930   Section        0  gpio.o(i.GPIOPadConfigSet)
    i.GPIOPinTypeGPIOOutput                  0x00003aa0   Section        0  gpio.o(i.GPIOPinTypeGPIOOutput)
    i.GPIOPinWrite                           0x00003abc   Section        0  gpio.o(i.GPIOPinWrite)
    i.SysCtlPeripheralEnable                 0x00003ac4   Section        0  sysctl.o(i.SysCtlPeripheralEnable)
    i.__ARM_fpclassify                       0x00003aec   Section        0  fpclassify.o(i.__ARM_fpclassify)
    i.__hardfp_log                           0x00003b20   Section        0  log.o(i.__hardfp_log)
    i.__hardfp_pow                           0x00003ee8   Section        0  pow.o(i.__hardfp_pow)
    i.__kernel_poly                          0x00004b48   Section        0  poly.o(i.__kernel_poly)
    i.__mathlib_dbl_divzero                  0x00004c40   Section        0  dunder.o(i.__mathlib_dbl_divzero)
    i.__mathlib_dbl_infnan                   0x00004c70   Section        0  dunder.o(i.__mathlib_dbl_infnan)
    i.__mathlib_dbl_infnan2                  0x00004c84   Section        0  dunder.o(i.__mathlib_dbl_infnan2)
    i.__mathlib_dbl_invalid                  0x00004c98   Section        0  dunder.o(i.__mathlib_dbl_invalid)
    i.__mathlib_dbl_overflow                 0x00004cb8   Section        0  dunder.o(i.__mathlib_dbl_overflow)
    i.__mathlib_dbl_underflow                0x00004cd8   Section        0  dunder.o(i.__mathlib_dbl_underflow)
    i.fabs                                   0x00004cf8   Section        0  fabs.o(i.fabs)
    i.sqrt                                   0x00004d10   Section        0  sqrt.o(i.sqrt)
    $v0                                      0x00004d7e   Number         0  basic.o(x$fpl$basic)
    x$fpl$basic                              0x00004d7e   Section       24  basic.o(x$fpl$basic)
    $v0                                      0x00004d98   Number         0  daddsub_clz.o(x$fpl$dadd)
    x$fpl$dadd                               0x00004d98   Section      336  daddsub_clz.o(x$fpl$dadd)
    _dadd1                                   0x00004da9   Thumb Code     0  daddsub_clz.o(x$fpl$dadd)
    $v0                                      0x00004ee8   Number         0  dcheck1.o(x$fpl$dcheck1)
    x$fpl$dcheck1                            0x00004ee8   Section       16  dcheck1.o(x$fpl$dcheck1)
    $v0                                      0x00004ef8   Number         0  dcmpi.o(x$fpl$dcmpinf)
    x$fpl$dcmpinf                            0x00004ef8   Section       24  dcmpi.o(x$fpl$dcmpinf)
    $v0                                      0x00004f10   Number         0  ddiv.o(x$fpl$ddiv)
    x$fpl$ddiv                               0x00004f10   Section      692  ddiv.o(x$fpl$ddiv)
    ddiv_entry                               0x00004f17   Thumb Code     0  ddiv.o(x$fpl$ddiv)
    $v0                                      0x000051c4   Number         0  deqf.o(x$fpl$deqf)
    x$fpl$deqf                               0x000051c4   Section      120  deqf.o(x$fpl$deqf)
    $v0                                      0x0000523c   Number         0  dfix.o(x$fpl$dfix)
    x$fpl$dfix                               0x0000523c   Section       94  dfix.o(x$fpl$dfix)
    $v0                                      0x0000529a   Number         0  dflt_clz.o(x$fpl$dflt)
    x$fpl$dflt                               0x0000529a   Section       46  dflt_clz.o(x$fpl$dflt)
    $v0                                      0x000052c8   Number         0  dleqf.o(x$fpl$dleqf)
    x$fpl$dleqf                              0x000052c8   Section      120  dleqf.o(x$fpl$dleqf)
    $v0                                      0x00005340   Number         0  dmul.o(x$fpl$dmul)
    x$fpl$dmul                               0x00005340   Section      340  dmul.o(x$fpl$dmul)
    $v0                                      0x00005494   Number         0  dnaninf.o(x$fpl$dnaninf)
    x$fpl$dnaninf                            0x00005494   Section      156  dnaninf.o(x$fpl$dnaninf)
    $v0                                      0x00005530   Number         0  dretinf.o(x$fpl$dretinf)
    x$fpl$dretinf                            0x00005530   Section       12  dretinf.o(x$fpl$dretinf)
    $v0                                      0x0000553c   Number         0  drleqf.o(x$fpl$drleqf)
    x$fpl$drleqf                             0x0000553c   Section      108  drleqf.o(x$fpl$drleqf)
    $v0                                      0x000055a8   Number         0  daddsub_clz.o(x$fpl$drsb)
    x$fpl$drsb                               0x000055a8   Section       22  daddsub_clz.o(x$fpl$drsb)
    $v0                                      0x000055c0   Number         0  dsqrt_umaal.o(x$fpl$dsqrt)
    x$fpl$dsqrt                              0x000055c0   Section      408  dsqrt_umaal.o(x$fpl$dsqrt)
    $v0                                      0x00005758   Number         0  daddsub_clz.o(x$fpl$dsub)
    x$fpl$dsub                               0x00005758   Section      476  daddsub_clz.o(x$fpl$dsub)
    _dsub1                                   0x00005769   Thumb Code     0  daddsub_clz.o(x$fpl$dsub)
    $v0                                      0x00005934   Number         0  fpinit.o(x$fpl$fpinit)
    x$fpl$fpinit                             0x00005934   Section       26  fpinit.o(x$fpl$fpinit)
    $v0                                      0x0000594e   Number         0  retnan.o(x$fpl$retnan)
    x$fpl$retnan                             0x0000594e   Section      100  retnan.o(x$fpl$retnan)
    $v0                                      0x000059b2   Number         0  scalbn.o(x$fpl$scalbn)
    x$fpl$scalbn                             0x000059b2   Section       92  scalbn.o(x$fpl$scalbn)
    $v0                                      0x00005a0e   Number         0  trapv.o(x$fpl$trapveneer)
    x$fpl$trapveneer                         0x00005a0e   Section       48  trapv.o(x$fpl$trapveneer)
    x$fpl$usenofp                            0x00005a3e   Section        0  usenofp.o(x$fpl$usenofp)
    Lg2                                      0x00005a40   Data          24  log.o(.constdata)
    .constdata                               0x00005a40   Section       56  log.o(.constdata)
    Lg                                       0x00005a58   Data          32  log.o(.constdata)
    bp                                       0x00005a78   Data          16  pow.o(.constdata)
    .constdata                               0x00005a78   Section      136  pow.o(.constdata)
    dp_h                                     0x00005a88   Data          16  pow.o(.constdata)
    dp_l                                     0x00005a98   Data          16  pow.o(.constdata)
    L                                        0x00005aa8   Data          48  pow.o(.constdata)
    P                                        0x00005ad8   Data          40  pow.o(.constdata)
    .constdata                               0x00005b00   Section        8  qnan.o(.constdata)
    .L.str                                   0x00005b08   Data           9  main.o(.rodata.str1.1)
    [Anonymous Symbol]                       0x00005b08   Section        0  main.o(.rodata.str1.1)
    .L.str.1                                 0x00005b11   Data           9  main.o(.rodata.str1.1)
    .L.str                                   0x00005b1a   Data           5  tasks.o(.rodata.str1.1)
    [Anonymous Symbol]                       0x00005b1a   Section        0  tasks.o(.rodata.str1.1)
    .L.str                                   0x00005b1f   Data           8  timers.o(.rodata.str1.1)
    [Anonymous Symbol]                       0x00005b1f   Section        0  timers.o(.rodata.str1.1)
    uxCriticalNesting                        0x20000028   Data           4  port.o(.data.uxCriticalNesting)
    [Anonymous Symbol]                       0x20000028   Section        0  port.o(.data.uxCriticalNesting)
    .bss                                     0x20000030   Section       96  libspace.o(.bss)
    prvSampleTimeNow.xLastTime               0x20000090   Data           4  timers.o(.bss.prvSampleTimeNow.xLastTime)
    [Anonymous Symbol]                       0x20000090   Section        0  timers.o(.bss.prvSampleTimeNow.xLastTime)
    pvPortMalloc.pucAlignedHeap              0x20000094   Data           4  heap_1.o(.bss.pvPortMalloc.pucAlignedHeap)
    [Anonymous Symbol]                       0x20000094   Section        0  heap_1.o(.bss.pvPortMalloc.pucAlignedHeap)
    pxCurrentTimerList                       0x2000009c   Data           4  timers.o(.bss.pxCurrentTimerList)
    [Anonymous Symbol]                       0x2000009c   Section        0  timers.o(.bss.pxCurrentTimerList)
    pxDelayedTaskList                        0x200000a0   Data           4  tasks.o(.bss.pxDelayedTaskList)
    [Anonymous Symbol]                       0x200000a0   Section        0  tasks.o(.bss.pxDelayedTaskList)
    pxOverflowDelayedTaskList                0x200000a4   Data           4  tasks.o(.bss.pxOverflowDelayedTaskList)
    [Anonymous Symbol]                       0x200000a4   Section        0  tasks.o(.bss.pxOverflowDelayedTaskList)
    pxOverflowTimerList                      0x200000a8   Data           4  timers.o(.bss.pxOverflowTimerList)
    [Anonymous Symbol]                       0x200000a8   Section        0  timers.o(.bss.pxOverflowTimerList)
    pxReadyTasksLists                        0x200000ac   Data         100  tasks.o(.bss.pxReadyTasksLists)
    [Anonymous Symbol]                       0x200000ac   Section        0  tasks.o(.bss.pxReadyTasksLists)
    ucHeap                                   0x20000110   Data       16384  heap_1.o(.bss.ucHeap)
    [Anonymous Symbol]                       0x20000110   Section        0  heap_1.o(.bss.ucHeap)
    ucMaxSysCallPriority                     0x20004110   Data           1  port.o(.bss.ucMaxSysCallPriority)
    [Anonymous Symbol]                       0x20004110   Section        0  port.o(.bss.ucMaxSysCallPriority)
    ulMaxPRIGROUPValue                       0x20004114   Data           4  port.o(.bss.ulMaxPRIGROUPValue)
    [Anonymous Symbol]                       0x20004114   Section        0  port.o(.bss.ulMaxPRIGROUPValue)
    ulStoppedTimerCompensation               0x20004118   Data           4  port.o(.bss.ulStoppedTimerCompensation)
    [Anonymous Symbol]                       0x20004118   Section        0  port.o(.bss.ulStoppedTimerCompensation)
    ulTimerCountsForOneTick                  0x2000411c   Data           4  port.o(.bss.ulTimerCountsForOneTick)
    [Anonymous Symbol]                       0x2000411c   Section        0  port.o(.bss.ulTimerCountsForOneTick)
    uxCurrentNumberOfTasks                   0x20004120   Data           4  tasks.o(.bss.uxCurrentNumberOfTasks)
    [Anonymous Symbol]                       0x20004120   Section        0  tasks.o(.bss.uxCurrentNumberOfTasks)
    uxDeletedTasksWaitingCleanUp             0x20004124   Data           4  tasks.o(.bss.uxDeletedTasksWaitingCleanUp)
    [Anonymous Symbol]                       0x20004124   Section        0  tasks.o(.bss.uxDeletedTasksWaitingCleanUp)
    uxSchedulerSuspended                     0x20004128   Data           4  tasks.o(.bss.uxSchedulerSuspended)
    [Anonymous Symbol]                       0x20004128   Section        0  tasks.o(.bss.uxSchedulerSuspended)
    uxTaskNumber                             0x2000412c   Data           4  tasks.o(.bss.uxTaskNumber)
    [Anonymous Symbol]                       0x2000412c   Section        0  tasks.o(.bss.uxTaskNumber)
    uxTopReadyPriority                       0x20004130   Data           4  tasks.o(.bss.uxTopReadyPriority)
    [Anonymous Symbol]                       0x20004130   Section        0  tasks.o(.bss.uxTopReadyPriority)
    xActiveTimerList1                        0x20004134   Data          20  timers.o(.bss.xActiveTimerList1)
    [Anonymous Symbol]                       0x20004134   Section        0  timers.o(.bss.xActiveTimerList1)
    xActiveTimerList2                        0x20004148   Data          20  timers.o(.bss.xActiveTimerList2)
    [Anonymous Symbol]                       0x20004148   Section        0  timers.o(.bss.xActiveTimerList2)
    xDelayedTaskList1                        0x2000415c   Data          20  tasks.o(.bss.xDelayedTaskList1)
    [Anonymous Symbol]                       0x2000415c   Section        0  tasks.o(.bss.xDelayedTaskList1)
    xDelayedTaskList2                        0x20004170   Data          20  tasks.o(.bss.xDelayedTaskList2)
    [Anonymous Symbol]                       0x20004170   Section        0  tasks.o(.bss.xDelayedTaskList2)
    xIdleTaskHandle                          0x20004184   Data           4  tasks.o(.bss.xIdleTaskHandle)
    [Anonymous Symbol]                       0x20004184   Section        0  tasks.o(.bss.xIdleTaskHandle)
    xMaximumPossibleSuppressedTicks          0x20004188   Data           4  port.o(.bss.xMaximumPossibleSuppressedTicks)
    [Anonymous Symbol]                       0x20004188   Section        0  port.o(.bss.xMaximumPossibleSuppressedTicks)
    xNextFreeByte                            0x2000418c   Data           4  heap_1.o(.bss.xNextFreeByte)
    [Anonymous Symbol]                       0x2000418c   Section        0  heap_1.o(.bss.xNextFreeByte)
    xNextTaskUnblockTime                     0x20004190   Data           4  tasks.o(.bss.xNextTaskUnblockTime)
    [Anonymous Symbol]                       0x20004190   Section        0  tasks.o(.bss.xNextTaskUnblockTime)
    xNumOfOverflows                          0x20004194   Data           4  tasks.o(.bss.xNumOfOverflows)
    [Anonymous Symbol]                       0x20004194   Section        0  tasks.o(.bss.xNumOfOverflows)
    xPendedTicks                             0x20004198   Data           4  tasks.o(.bss.xPendedTicks)
    [Anonymous Symbol]                       0x20004198   Section        0  tasks.o(.bss.xPendedTicks)
    xPendingReadyList                        0x2000419c   Data          20  tasks.o(.bss.xPendingReadyList)
    [Anonymous Symbol]                       0x2000419c   Section        0  tasks.o(.bss.xPendingReadyList)
    xSchedulerRunning                        0x200041b4   Data           4  tasks.o(.bss.xSchedulerRunning)
    [Anonymous Symbol]                       0x200041b4   Section        0  tasks.o(.bss.xSchedulerRunning)
    xSuspendedTaskList                       0x200041b8   Data          20  tasks.o(.bss.xSuspendedTaskList)
    [Anonymous Symbol]                       0x200041b8   Section        0  tasks.o(.bss.xSuspendedTaskList)
    xTasksWaitingTermination                 0x200041cc   Data          20  tasks.o(.bss.xTasksWaitingTermination)
    [Anonymous Symbol]                       0x200041cc   Section        0  tasks.o(.bss.xTasksWaitingTermination)
    xTickCount                               0x200041e0   Data           4  tasks.o(.bss.xTickCount)
    [Anonymous Symbol]                       0x200041e0   Section        0  tasks.o(.bss.xTickCount)
    xTimerQueue                              0x200041e4   Data           4  timers.o(.bss.xTimerQueue)
    [Anonymous Symbol]                       0x200041e4   Section        0  timers.o(.bss.xTimerQueue)
    xTimerTaskHandle                         0x200041e8   Data           4  timers.o(.bss.xTimerTaskHandle)
    [Anonymous Symbol]                       0x200041e8   Section        0  timers.o(.bss.xTimerTaskHandle)
    xYieldPending                            0x200041ec   Data           4  tasks.o(.bss.xYieldPending)
    [Anonymous Symbol]                       0x200041ec   Section        0  tasks.o(.bss.xYieldPending)
    Heap_Mem                                 0x200041f0   Data           0  startup_tm4c123.o(HEAP)
    Stack_Mem                                0x200041f0   Data         512  startup_tm4c123.o(STACK)
    HEAP                                     0x200041f0   Section        0  startup_tm4c123.o(HEAP)
    STACK                                    0x200041f0   Section      512  startup_tm4c123.o(STACK)
    __initial_sp                             0x200043f0   Data           0  startup_tm4c123.o(STACK)

    Global Symbols

    Symbol Name                              Value     Ov Type        Size  Object(Section)

    BuildAttributes$$THM_ISAv4$E$P$D$K$B$S$7EM$VFPi3$EXTD16$VFPS$VFMA$PE$A:L22UL41UL21$X:L11$S22US41US21$IEEE1$IW$~IW$USESV6$~STKCKD$USESV7$~SHL$OTIME$ROPI$IEEEX$EBA8$UX$STANDARDLIB$REQ8$PRES8$EABIv2 0x00000000   Number         0  anon$$obj.o ABSOLUTE
    __Vectors                                0x00000000   Data           4  startup_tm4c123.o(RESET)
    __ARM_exceptions_init                     - Undefined Weak Reference
    __alloca_initialize                       - Undefined Weak Reference
    __arm_preinit_                            - Undefined Weak Reference
    __arm_relocate_pie_                       - Undefined Weak Reference
    __cpp_initialize__aeabi_                  - Undefined Weak Reference
    __cxa_finalize                            - Undefined Weak Reference
    __rt_locale                               - Undefined Weak Reference
    __sigvec_lookup                           - Undefined Weak Reference
    _atexit_init                              - Undefined Weak Reference
    _call_atexit_fns                          - Undefined Weak Reference
    _clock_init                               - Undefined Weak Reference
    _fp_trap_init                             - Undefined Weak Reference
    _fp_trap_shutdown                         - Undefined Weak Reference
    _get_lc_collate                           - Undefined Weak Reference
    _get_lc_ctype                             - Undefined Weak Reference
    _get_lc_monetary                          - Undefined Weak Reference
    _get_lc_numeric                           - Undefined Weak Reference
    _get_lc_time                              - Undefined Weak Reference
    _getenv_init                              - Undefined Weak Reference
    _handle_redirection                       - Undefined Weak Reference
    _init_alloc                               - Undefined Weak Reference
    _init_user_alloc                          - Undefined Weak Reference
    _initio                                   - Undefined Weak Reference
    _rand_init                                - Undefined Weak Reference
    _signal_finish                            - Undefined Weak Reference
    _signal_init                              - Undefined Weak Reference
    _terminate_alloc                          - Undefined Weak Reference
    _terminate_user_alloc                     - Undefined Weak Reference
    _terminateio                              - Undefined Weak Reference
    __Vectors_End                            0x0000026c   Data           0  startup_tm4c123.o(RESET)
    __Vectors_Size                           0x0000026c   Number         0  startup_tm4c123.o ABSOLUTE
    __main                                   0x0000026d   Thumb Code     8  __main.o(!!!main)
    __scatterload                            0x00000275   Thumb Code     0  __scatter.o(!!!scatter)
    __scatterload_rt2                        0x00000275   Thumb Code    44  __scatter.o(!!!scatter)
    __scatterload_rt2_thumb_only             0x00000275   Thumb Code     0  __scatter.o(!!!scatter)
    __scatterload_null                       0x00000283   Thumb Code     0  __scatter.o(!!!scatter)
    __scatterload_copy                       0x000002a9   Thumb Code    26  __scatter_copy.o(!!handler_copy)
    __scatterload_zeroinit                   0x000002c5   Thumb Code    28  __scatter_zi.o(!!handler_zi)
    __rt_lib_init                            0x000002e1   Thumb Code     0  libinit.o(.ARM.Collect$$libinit$$00000000)
    __rt_lib_init_fp_1                       0x000002e3   Thumb Code     0  libinit2.o(.ARM.Collect$$libinit$$00000001)
    __rt_lib_init_alloca_1                   0x000002e7   Thumb Code     0  libinit2.o(.ARM.Collect$$libinit$$00000030)
    __rt_lib_init_argv_1                     0x000002e7   Thumb Code     0  libinit2.o(.ARM.Collect$$libinit$$0000002E)
    __rt_lib_init_atexit_1                   0x000002e7   Thumb Code     0  libinit2.o(.ARM.Collect$$libinit$$0000001D)
    __rt_lib_init_clock_1                    0x000002e7   Thumb Code     0  libinit2.o(.ARM.Collect$$libinit$$00000023)
    __rt_lib_init_cpp_1                      0x000002e7   Thumb Code     0  libinit2.o(.ARM.Collect$$libinit$$00000034)
    __rt_lib_init_exceptions_1               0x000002e7   Thumb Code     0  libinit2.o(.ARM.Collect$$libinit$$00000032)
    __rt_lib_init_fp_trap_1                  0x000002e7   Thumb Code     0  libinit2.o(.ARM.Collect$$libinit$$00000021)
    __rt_lib_init_getenv_1                   0x000002e7   Thumb Code     0  libinit2.o(.ARM.Collect$$libinit$$00000025)
    __rt_lib_init_heap_1                     0x000002e7   Thumb Code     0  libinit2.o(.ARM.Collect$$libinit$$0000000C)
    __rt_lib_init_lc_collate_1               0x000002e7   Thumb Code     0  libinit2.o(.ARM.Collect$$libinit$$00000013)
    __rt_lib_init_lc_ctype_1                 0x000002e7   Thumb Code     0  libinit2.o(.ARM.Collect$$libinit$$00000015)
    __rt_lib_init_lc_monetary_1              0x000002e7   Thumb Code     0  libinit2.o(.ARM.Collect$$libinit$$00000017)
    __rt_lib_init_lc_numeric_1               0x000002e7   Thumb Code     0  libinit2.o(.ARM.Collect$$libinit$$00000019)
    __rt_lib_init_lc_time_1                  0x000002e7   Thumb Code     0  libinit2.o(.ARM.Collect$$libinit$$0000001B)
    __rt_lib_init_preinit_1                  0x000002e7   Thumb Code     0  libinit2.o(.ARM.Collect$$libinit$$00000006)
    __rt_lib_init_rand_1                     0x000002e7   Thumb Code     0  libinit2.o(.ARM.Collect$$libinit$$00000010)
    __rt_lib_init_relocate_pie_1             0x000002e7   Thumb Code     0  libinit2.o(.ARM.Collect$$libinit$$00000004)
    __rt_lib_init_return                     0x000002e7   Thumb Code     0  libinit2.o(.ARM.Collect$$libinit$$00000035)
    __rt_lib_init_signal_1                   0x000002e7   Thumb Code     0  libinit2.o(.ARM.Collect$$libinit$$0000001F)
    __rt_lib_init_stdio_1                    0x000002e7   Thumb Code     0  libinit2.o(.ARM.Collect$$libinit$$00000027)
    __rt_lib_init_user_alloc_1               0x000002e7   Thumb Code     0  libinit2.o(.ARM.Collect$$libinit$$0000000E)
    __rt_lib_shutdown                        0x000002e9   Thumb Code     0  libshutdown.o(.ARM.Collect$$libshutdown$$00000000)
    __rt_lib_shutdown_cpp_1                  0x000002eb   Thumb Code     0  libshutdown2.o(.ARM.Collect$$libshutdown$$00000002)
    __rt_lib_shutdown_fp_trap_1              0x000002eb   Thumb Code     0  libshutdown2.o(.ARM.Collect$$libshutdown$$00000007)
    __rt_lib_shutdown_heap_1                 0x000002eb   Thumb Code     0  libshutdown2.o(.ARM.Collect$$libshutdown$$0000000F)
    __rt_lib_shutdown_return                 0x000002eb   Thumb Code     0  libshutdown2.o(.ARM.Collect$$libshutdown$$00000010)
    __rt_lib_shutdown_signal_1               0x000002eb   Thumb Code     0  libshutdown2.o(.ARM.Collect$$libshutdown$$0000000A)
    __rt_lib_shutdown_stdio_1                0x000002eb   Thumb Code     0  libshutdown2.o(.ARM.Collect$$libshutdown$$00000004)
    __rt_lib_shutdown_user_alloc_1           0x000002eb   Thumb Code     0  libshutdown2.o(.ARM.Collect$$libshutdown$$0000000C)
    __rt_entry                               0x000002ed   Thumb Code     0  __rtentry.o(.ARM.Collect$$rtentry$$00000000)
    __rt_entry_presh_1                       0x000002ed   Thumb Code     0  __rtentry2.o(.ARM.Collect$$rtentry$$00000002)
    __rt_entry_sh                            0x000002ed   Thumb Code     0  __rtentry4.o(.ARM.Collect$$rtentry$$00000004)
    __rt_entry_li                            0x000002f3   Thumb Code     0  __rtentry2.o(.ARM.Collect$$rtentry$$0000000A)
    __rt_entry_postsh_1                      0x000002f3   Thumb Code     0  __rtentry2.o(.ARM.Collect$$rtentry$$00000009)
    __rt_entry_main                          0x000002f7   Thumb Code     0  __rtentry2.o(.ARM.Collect$$rtentry$$0000000D)
    __rt_entry_postli_1                      0x000002f7   Thumb Code     0  __rtentry2.o(.ARM.Collect$$rtentry$$0000000C)
    __rt_exit                                0x000002ff   Thumb Code     0  rtexit.o(.ARM.Collect$$rtexit$$00000000)
    __rt_exit_ls                             0x00000301   Thumb Code     0  rtexit2.o(.ARM.Collect$$rtexit$$00000003)
    __rt_exit_prels_1                        0x00000301   Thumb Code     0  rtexit2.o(.ARM.Collect$$rtexit$$00000002)
    __rt_exit_exit                           0x00000305   Thumb Code     0  rtexit2.o(.ARM.Collect$$rtexit$$00000004)
    SysCtlDelay                              0x0000030d   Thumb Code     6  sysctl.o(.emb_text)
    Reset_Handler                            0x00000315   Thumb Code     8  startup_tm4c123.o(.text)
    NMI_Handler                              0x0000031d   Thumb Code     2  startup_tm4c123.o(.text)
    HardFault_Handler                        0x0000031f   Thumb Code     2  startup_tm4c123.o(.text)
    MemManage_Handler                        0x00000321   Thumb Code     2  startup_tm4c123.o(.text)
    BusFault_Handler                         0x00000323   Thumb Code     2  startup_tm4c123.o(.text)
    UsageFault_Handler                       0x00000325   Thumb Code     2  startup_tm4c123.o(.text)
    DebugMon_Handler                         0x00000329   Thumb Code     2  startup_tm4c123.o(.text)
    GPIOA_Handler                            0x0000032f   Thumb Code     2  startup_tm4c123.o(.text)
    GPIOB_Handler                            0x00000331   Thumb Code     2  startup_tm4c123.o(.text)
    GPIOC_Handler                            0x00000333   Thumb Code     2  startup_tm4c123.o(.text)
    GPIOD_Handler                            0x00000335   Thumb Code     2  startup_tm4c123.o(.text)
    GPIOE_Handler                            0x00000337   Thumb Code     2  startup_tm4c123.o(.text)
    UART0_Handler                            0x00000339   Thumb Code     2  startup_tm4c123.o(.text)
    UART1_Handler                            0x0000033b   Thumb Code     2  startup_tm4c123.o(.text)
    SSI0_Handler                             0x0000033d   Thumb Code     2  startup_tm4c123.o(.text)
    I2C0_Handler                             0x0000033f   Thumb Code     2  startup_tm4c123.o(.text)
    PMW0_FAULT_Handler                       0x00000341   Thumb Code     2  startup_tm4c123.o(.text)
    PWM0_0_Handler                           0x00000343   Thumb Code     2  startup_tm4c123.o(.text)
    PWM0_1_Handler                           0x00000345   Thumb Code     2  startup_tm4c123.o(.text)
    PWM0_2_Handler                           0x00000347   Thumb Code     2  startup_tm4c123.o(.text)
    QEI0_Handler                             0x00000349   Thumb Code     2  startup_tm4c123.o(.text)
    ADC0SS0_Handler                          0x0000034b   Thumb Code     2  startup_tm4c123.o(.text)
    ADC0SS1_Handler                          0x0000034d   Thumb Code     2  startup_tm4c123.o(.text)
    ADC0SS2_Handler                          0x0000034f   Thumb Code     2  startup_tm4c123.o(.text)
    ADC0SS3_Handler                          0x00000351   Thumb Code     2  startup_tm4c123.o(.text)
    WDT0_Handler                             0x00000353   Thumb Code     2  startup_tm4c123.o(.text)
    TIMER0A_Handler                          0x00000355   Thumb Code     2  startup_tm4c123.o(.text)
    TIMER0B_Handler                          0x00000357   Thumb Code     2  startup_tm4c123.o(.text)
    TIMER1A_Handler                          0x00000359   Thumb Code     2  startup_tm4c123.o(.text)
    TIMER1B_Handler                          0x0000035b   Thumb Code     2  startup_tm4c123.o(.text)
    TIMER2A_Handler                          0x0000035d   Thumb Code     2  startup_tm4c123.o(.text)
    TIMER2B_Handler                          0x0000035f   Thumb Code     2  startup_tm4c123.o(.text)
    COMP0_Handler                            0x00000361   Thumb Code     2  startup_tm4c123.o(.text)
    COMP1_Handler                            0x00000363   Thumb Code     2  startup_tm4c123.o(.text)
    COMP2_Handler                            0x00000365   Thumb Code     2  startup_tm4c123.o(.text)
    SYSCTL_Handler                           0x00000367   Thumb Code     2  startup_tm4c123.o(.text)
    FLASH_Handler                            0x00000369   Thumb Code     2  startup_tm4c123.o(.text)
    GPIOF_Handler                            0x0000036b   Thumb Code     2  startup_tm4c123.o(.text)
    GPIOG_Handler                            0x0000036d   Thumb Code     2  startup_tm4c123.o(.text)
    GPIOH_Handler                            0x0000036f   Thumb Code     2  startup_tm4c123.o(.text)
    UART2_Handler                            0x00000371   Thumb Code     2  startup_tm4c123.o(.text)
    SSI1_Handler                             0x00000373   Thumb Code     2  startup_tm4c123.o(.text)
    TIMER3A_Handler                          0x00000375   Thumb Code     2  startup_tm4c123.o(.text)
    TIMER3B_Handler                          0x00000377   Thumb Code     2  startup_tm4c123.o(.text)
    I2C1_Handler                             0x00000379   Thumb Code     2  startup_tm4c123.o(.text)
    QEI1_Handler                             0x0000037b   Thumb Code     2  startup_tm4c123.o(.text)
    CAN0_Handler                             0x0000037d   Thumb Code     2  startup_tm4c123.o(.text)
    CAN1_Handler                             0x0000037f   Thumb Code     2  startup_tm4c123.o(.text)
    CAN2_Handler                             0x00000381   Thumb Code     2  startup_tm4c123.o(.text)
    HIB_Handler                              0x00000383   Thumb Code     2  startup_tm4c123.o(.text)
    USB0_Handler                             0x00000385   Thumb Code     2  startup_tm4c123.o(.text)
    PWM0_3_Handler                           0x00000387   Thumb Code     2  startup_tm4c123.o(.text)
    UDMA_Handler                             0x00000389   Thumb Code     2  startup_tm4c123.o(.text)
    UDMAERR_Handler                          0x0000038b   Thumb Code     2  startup_tm4c123.o(.text)
    ADC1SS0_Handler                          0x0000038d   Thumb Code     2  startup_tm4c123.o(.text)
    ADC1SS1_Handler                          0x0000038f   Thumb Code     2  startup_tm4c123.o(.text)
    ADC1SS2_Handler                          0x00000391   Thumb Code     2  startup_tm4c123.o(.text)
    ADC1SS3_Handler                          0x00000393   Thumb Code     2  startup_tm4c123.o(.text)
    GPIOJ_Handler                            0x00000395   Thumb Code     2  startup_tm4c123.o(.text)
    GPIOK_Handler                            0x00000397   Thumb Code     2  startup_tm4c123.o(.text)
    GPIOL_Handler                            0x00000399   Thumb Code     2  startup_tm4c123.o(.text)
    SSI2_Handler                             0x0000039b   Thumb Code     2  startup_tm4c123.o(.text)
    SSI3_Handler                             0x0000039d   Thumb Code     2  startup_tm4c123.o(.text)
    UART3_Handler                            0x0000039f   Thumb Code     2  startup_tm4c123.o(.text)
    UART4_Handler                            0x000003a1   Thumb Code     2  startup_tm4c123.o(.text)
    UART5_Handler                            0x000003a3   Thumb Code     2  startup_tm4c123.o(.text)
    UART6_Handler                            0x000003a5   Thumb Code     2  startup_tm4c123.o(.text)
    UART7_Handler                            0x000003a7   Thumb Code     2  startup_tm4c123.o(.text)
    I2C2_Handler                             0x000003a9   Thumb Code     2  startup_tm4c123.o(.text)
    I2C3_Handler                             0x000003ab   Thumb Code     2  startup_tm4c123.o(.text)
    TIMER4A_Handler                          0x000003ad   Thumb Code     2  startup_tm4c123.o(.text)
    TIMER4B_Handler                          0x000003af   Thumb Code     2  startup_tm4c123.o(.text)
    TIMER5A_Handler                          0x000003b1   Thumb Code     2  startup_tm4c123.o(.text)
    TIMER5B_Handler                          0x000003b3   Thumb Code     2  startup_tm4c123.o(.text)
    WTIMER0A_Handler                         0x000003b5   Thumb Code     2  startup_tm4c123.o(.text)
    WTIMER0B_Handler                         0x000003b7   Thumb Code     2  startup_tm4c123.o(.text)
    WTIMER1A_Handler                         0x000003b9   Thumb Code     2  startup_tm4c123.o(.text)
    WTIMER1B_Handler                         0x000003bb   Thumb Code     2  startup_tm4c123.o(.text)
    WTIMER2A_Handler                         0x000003bd   Thumb Code     2  startup_tm4c123.o(.text)
    WTIMER2B_Handler                         0x000003bf   Thumb Code     2  startup_tm4c123.o(.text)
    WTIMER3A_Handler                         0x000003c1   Thumb Code     2  startup_tm4c123.o(.text)
    WTIMER3B_Handler                         0x000003c3   Thumb Code     2  startup_tm4c123.o(.text)
    WTIMER4A_Handler                         0x000003c5   Thumb Code     2  startup_tm4c123.o(.text)
    WTIMER4B_Handler                         0x000003c7   Thumb Code     2  startup_tm4c123.o(.text)
    WTIMER5A_Handler                         0x000003c9   Thumb Code     2  startup_tm4c123.o(.text)
    WTIMER5B_Handler                         0x000003cb   Thumb Code     2  startup_tm4c123.o(.text)
    FPU_Handler                              0x000003cd   Thumb Code     2  startup_tm4c123.o(.text)
    I2C4_Handler                             0x000003cf   Thumb Code     2  startup_tm4c123.o(.text)
    I2C5_Handler                             0x000003d1   Thumb Code     2  startup_tm4c123.o(.text)
    GPIOM_Handler                            0x000003d3   Thumb Code     2  startup_tm4c123.o(.text)
    GPION_Handler                            0x000003d5   Thumb Code     2  startup_tm4c123.o(.text)
    QEI2_Handler                             0x000003d7   Thumb Code     2  startup_tm4c123.o(.text)
    GPIOP0_Handler                           0x000003d9   Thumb Code     2  startup_tm4c123.o(.text)
    GPIOP1_Handler                           0x000003db   Thumb Code     2  startup_tm4c123.o(.text)
    GPIOP2_Handler                           0x000003dd   Thumb Code     2  startup_tm4c123.o(.text)
    GPIOP3_Handler                           0x000003df   Thumb Code     2  startup_tm4c123.o(.text)
    GPIOP4_Handler                           0x000003e1   Thumb Code     2  startup_tm4c123.o(.text)
    GPIOP5_Handler                           0x000003e3   Thumb Code     2  startup_tm4c123.o(.text)
    GPIOP6_Handler                           0x000003e5   Thumb Code     2  startup_tm4c123.o(.text)
    GPIOP7_Handler                           0x000003e7   Thumb Code     2  startup_tm4c123.o(.text)
    GPIOQ0_Handler                           0x000003e9   Thumb Code     2  startup_tm4c123.o(.text)
    GPIOQ1_Handler                           0x000003eb   Thumb Code     2  startup_tm4c123.o(.text)
    GPIOQ2_Handler                           0x000003ed   Thumb Code     2  startup_tm4c123.o(.text)
    GPIOQ3_Handler                           0x000003ef   Thumb Code     2  startup_tm4c123.o(.text)
    GPIOQ4_Handler                           0x000003f1   Thumb Code     2  startup_tm4c123.o(.text)
    GPIOQ5_Handler                           0x000003f3   Thumb Code     2  startup_tm4c123.o(.text)
    GPIOQ6_Handler                           0x000003f5   Thumb Code     2  startup_tm4c123.o(.text)
    GPIOQ7_Handler                           0x000003f7   Thumb Code     2  startup_tm4c123.o(.text)
    GPIOR_Handler                            0x000003f9   Thumb Code     2  startup_tm4c123.o(.text)
    GPIOS_Handler                            0x000003fb   Thumb Code     2  startup_tm4c123.o(.text)
    PMW1_0_Handler                           0x000003fd   Thumb Code     2  startup_tm4c123.o(.text)
    PWM1_1_Handler                           0x000003ff   Thumb Code     2  startup_tm4c123.o(.text)
    PWM1_2_Handler                           0x00000401   Thumb Code     2  startup_tm4c123.o(.text)
    PWM1_3_Handler                           0x00000403   Thumb Code     2  startup_tm4c123.o(.text)
    PWM1_FAULT_Handler                       0x00000405   Thumb Code     2  startup_tm4c123.o(.text)
    __user_initial_stackheap                 0x00000409   Thumb Code     0  startup_tm4c123.o(.text)
    abs                                      0x00000429   Thumb Code     8  abs.o(.text)
    __aeabi_memcpy                           0x00000431   Thumb Code     0  rt_memcpy_v6.o(.text)
    __rt_memcpy                              0x00000431   Thumb Code   138  rt_memcpy_v6.o(.text)
    _memcpy_lastbytes                        0x00000497   Thumb Code     0  rt_memcpy_v6.o(.text)
    __aeabi_memset4                          0x000004bb   Thumb Code    16  aeabi_memset4.o(.text)
    __aeabi_memset8                          0x000004bb   Thumb Code     0  aeabi_memset4.o(.text)
    __use_two_region_memory                  0x000004cb   Thumb Code     2  heapauxi.o(.text)
    __rt_heap_escrow$2region                 0x000004cd   Thumb Code     2  heapauxi.o(.text)
    __rt_heap_expand$2region                 0x000004cf   Thumb Code     2  heapauxi.o(.text)
    __read_errno                             0x000004d1   Thumb Code    10  _rserrno.o(.text)
    __set_errno                              0x000004db   Thumb Code    12  _rserrno.o(.text)
    __aeabi_memcpy4                          0x000004e7   Thumb Code     0  rt_memcpy_w.o(.text)
    __aeabi_memcpy8                          0x000004e7   Thumb Code     0  rt_memcpy_w.o(.text)
    __rt_memcpy_w                            0x000004e7   Thumb Code   100  rt_memcpy_w.o(.text)
    _memcpy_lastbytes_aligned                0x0000052f   Thumb Code     0  rt_memcpy_w.o(.text)
    __aeabi_memclr4                          0x0000054b   Thumb Code     0  rt_memclr_w.o(.text)
    __aeabi_memclr8                          0x0000054b   Thumb Code     0  rt_memclr_w.o(.text)
    __rt_memclr_w                            0x0000054b   Thumb Code     0  rt_memclr_w.o(.text)
    _memset_w                                0x0000054f   Thumb Code    74  rt_memclr_w.o(.text)
    __aeabi_errno_addr                       0x00000599   Thumb Code     8  rt_errno_addr_intlibspace.o(.text)
    __errno$intlibspace                      0x00000599   Thumb Code     0  rt_errno_addr_intlibspace.o(.text)
    __rt_errno_addr$intlibspace              0x00000599   Thumb Code     0  rt_errno_addr_intlibspace.o(.text)
    __user_libspace                          0x000005a1   Thumb Code     8  libspace.o(.text)
    __user_perproc_libspace                  0x000005a1   Thumb Code     0  libspace.o(.text)
    __user_perthread_libspace                0x000005a1   Thumb Code     0  libspace.o(.text)
    __user_setup_stackheap                   0x000005a9   Thumb Code    74  sys_stackheap_outer.o(.text)
    exit                                     0x000005f3   Thumb Code    18  exit.o(.text)
    _sys_exit                                0x00000605   Thumb Code     8  sys_exit.o(.text)
    __I$use$semihosting                      0x00000611   Thumb Code     0  use_no_semi.o(.text)
    __use_no_semihosting_swi                 0x00000611   Thumb Code     2  use_no_semi.o(.text)
    __semihosting_library_function           0x00000613   Thumb Code     0  indicate_semi.o(.text)
    ADCInt                                   0x00000615   Thumb Code   204  adc.o(.text.ADCInt)
    ADC_Task                                 0x000006e1   Thumb Code   140  main.o(.text.ADC_Task)
    ADCreadTemp                              0x00000771   Thumb Code   408  adc.o(.text.ADCreadTemp)
    INIT                                     0x00000909   Thumb Code    12  main.o(.text.INIT)
    LCD_CTRL_BUS                             0x00000915   Thumb Code    20  lcd.o(.text.LCD_CTRL_BUS)
    LCD_DATA_BUS                             0x00000929   Thumb Code    60  lcd.o(.text.LCD_DATA_BUS)
    LCD_Task                                 0x00000965   Thumb Code    78  main.o(.text.LCD_Task)
    LCD_clear                                0x000009b5   Thumb Code    32  lcd.o(.text.LCD_clear)
    LCD_create                               0x000009d5   Thumb Code   118  lcd.o(.text.LCD_create)
    LCD_inc_cnt                              0x00000a4d   Thumb Code    90  lcd.o(.text.LCD_inc_cnt)
    LCD_init                                 0x00000aa9   Thumb Code   172  lcd.o(.text.LCD_init)
    LCD_sendByte                             0x00000b55   Thumb Code   118  lcd.o(.text.LCD_sendByte)
    LCD_sendNibble                           0x00000bcd   Thumb Code   134  lcd.o(.text.LCD_sendNibble)
    LCD_sendNum                              0x00000c55   Thumb Code   106  lcd.o(.text.LCD_sendNum)
    LCD_setPosition                          0x00000cc1   Thumb Code    84  lcd.o(.text.LCD_setPosition)
    LCD_setup                                0x00000d15   Thumb Code    62  lcd.o(.text.LCD_setup)
    PendSV_Handler                           0x00000d61   Thumb Code   100  port.o(.text.PendSV_Handler)
    SVC_Handler                              0x00000dd1   Thumb Code    36  port.o(.text.SVC_Handler)
    SysTick_Handler                          0x00000df5   Thumb Code    60  port.o(.text.SysTick_Handler)
    SystemInit                               0x00000e31   Thumb Code   268  system_tm4c123.o(.text.SystemInit)
    eTaskConfirmSleepModeStatus              0x00000f3d   Thumb Code   128  tasks.o(.text.eTaskConfirmSleepModeStatus)
    main                                     0x00000fbd   Thumb Code   128  main.o(.text.main)
    pvPortMalloc                             0x00001eb5   Thumb Code   192  heap_1.o(.text.pvPortMalloc)
    pxPortInitialiseStack                    0x00001f75   Thumb Code    94  port.o(.text.pxPortInitialiseStack)
    relay_Init                               0x00001fd5   Thumb Code    88  relay.o(.text.relay_Init)
    uxListRemove                             0x0000202d   Thumb Code    72  list.o(.text.uxListRemove)
    vListInitialise                          0x00002075   Thumb Code    46  list.o(.text.vListInitialise)
    vListInitialiseItem                      0x000020a5   Thumb Code    14  list.o(.text.vListInitialiseItem)
    vListInsert                              0x000020b5   Thumb Code   106  list.o(.text.vListInsert)
    vPortEnterCritical                       0x00002135   Thumb Code    86  port.o(.text.vPortEnterCritical)
    vPortExitCritical                        0x0000218d   Thumb Code    74  port.o(.text.vPortExitCritical)
    vPortFree                                0x000021d9   Thumb Code    36  heap_1.o(.text.vPortFree)
    vPortSetupTimerInterrupt                 0x000021fd   Thumb Code   120  port.o(.text.vPortSetupTimerInterrupt)
    vPortSuppressTicksAndSleep               0x00002275   Thumb Code   524  port.o(.text.vPortSuppressTicksAndSleep)
    vQueueWaitForMessageRestricted           0x00002481   Thumb Code   100  queue.o(.text.vQueueWaitForMessageRestricted)
    vTaskDelay                               0x000024e5   Thumb Code   110  tasks.o(.text.vTaskDelay)
    vTaskInternalSetTimeOutState             0x00002555   Thumb Code    36  tasks.o(.text.vTaskInternalSetTimeOutState)
    vTaskMissedYield                         0x00002579   Thumb Code    14  tasks.o(.text.vTaskMissedYield)
    vTaskPlaceOnEventList                    0x00002589   Thumb Code    66  tasks.o(.text.vTaskPlaceOnEventList)
    vTaskPlaceOnEventListRestricted          0x000025cd   Thumb Code   124  tasks.o(.text.vTaskPlaceOnEventListRestricted)
    vTaskStartScheduler                      0x00002649   Thumb Code   186  tasks.o(.text.vTaskStartScheduler)
    vTaskStepTick                            0x00002705   Thumb Code    76  tasks.o(.text.vTaskStepTick)
    vTaskSuspendAll                          0x00002751   Thumb Code    16  tasks.o(.text.vTaskSuspendAll)
    vTaskSwitchContext                       0x00002761   Thumb Code   190  tasks.o(.text.vTaskSwitchContext)
    xPortStartScheduler                      0x00002821   Thumb Code   342  port.o(.text.xPortStartScheduler)
    xQueueGenericCreate                      0x00002979   Thumb Code   154  queue.o(.text.xQueueGenericCreate)
    xQueueGenericReset                       0x00002a15   Thumb Code   264  queue.o(.text.xQueueGenericReset)
    xQueueGenericSend                        0x00002b1d   Thumb Code   628  queue.o(.text.xQueueGenericSend)
    xQueueReceive                            0x00002d91   Thumb Code   476  queue.o(.text.xQueueReceive)
    xTaskCheckForTimeOut                     0x00002f6d   Thumb Code   252  tasks.o(.text.xTaskCheckForTimeOut)
    xTaskCreate                              0x00003069   Thumb Code   152  tasks.o(.text.xTaskCreate)
    xTaskGetSchedulerState                   0x00003101   Thumb Code    56  tasks.o(.text.xTaskGetSchedulerState)
    xTaskGetTickCount                        0x00003139   Thumb Code    20  tasks.o(.text.xTaskGetTickCount)
    xTaskIncrementTick                       0x0000314d   Thumb Code   608  tasks.o(.text.xTaskIncrementTick)
    xTaskPriorityDisinherit                  0x000033ad   Thumb Code   312  tasks.o(.text.xTaskPriorityDisinherit)
    xTaskRemoveFromEventList                 0x000034e5   Thumb Code   402  tasks.o(.text.xTaskRemoveFromEventList)
    xTaskResumeAll                           0x00003679   Thumb Code   546  tasks.o(.text.xTaskResumeAll)
    xTimerCreateTimerTask                    0x0000389d   Thumb Code   108  timers.o(.text.xTimerCreateTimerTask)
    GPIODirModeSet                           0x00003909   Thumb Code    40  gpio.o(i.GPIODirModeSet)
    GPIOPadConfigSet                         0x00003931   Thumb Code   354  gpio.o(i.GPIOPadConfigSet)
    GPIOPinTypeGPIOOutput                    0x00003aa1   Thumb Code    28  gpio.o(i.GPIOPinTypeGPIOOutput)
    GPIOPinWrite                             0x00003abd   Thumb Code     6  gpio.o(i.GPIOPinWrite)
    SysCtlPeripheralEnable                   0x00003ac5   Thumb Code    36  sysctl.o(i.SysCtlPeripheralEnable)
    __ARM_fpclassify                         0x00003aed   Thumb Code    48  fpclassify.o(i.__ARM_fpclassify)
    __hardfp_log                             0x00003b21   Thumb Code   872  log.o(i.__hardfp_log)
    __hardfp_pow                             0x00003ee9   Thumb Code  3088  pow.o(i.__hardfp_pow)
    __kernel_poly                            0x00004b49   Thumb Code   248  poly.o(i.__kernel_poly)
    __mathlib_dbl_divzero                    0x00004c41   Thumb Code    28  dunder.o(i.__mathlib_dbl_divzero)
    __mathlib_dbl_infnan                     0x00004c71   Thumb Code    20  dunder.o(i.__mathlib_dbl_infnan)
    __mathlib_dbl_infnan2                    0x00004c85   Thumb Code    20  dunder.o(i.__mathlib_dbl_infnan2)
    __mathlib_dbl_invalid                    0x00004c99   Thumb Code    24  dunder.o(i.__mathlib_dbl_invalid)
    __mathlib_dbl_overflow                   0x00004cb9   Thumb Code    24  dunder.o(i.__mathlib_dbl_overflow)
    __mathlib_dbl_underflow                  0x00004cd9   Thumb Code    24  dunder.o(i.__mathlib_dbl_underflow)
    fabs                                     0x00004cf9   Thumb Code    24  fabs.o(i.fabs)
    sqrt                                     0x00004d11   Thumb Code   110  sqrt.o(i.sqrt)
    __aeabi_dneg                             0x00004d7f   Thumb Code     0  basic.o(x$fpl$basic)
    _dneg                                    0x00004d7f   Thumb Code     6  basic.o(x$fpl$basic)
    __aeabi_fneg                             0x00004d85   Thumb Code     0  basic.o(x$fpl$basic)
    _fneg                                    0x00004d85   Thumb Code     6  basic.o(x$fpl$basic)
    _dabs                                    0x00004d8b   Thumb Code     6  basic.o(x$fpl$basic)
    _fabs                                    0x00004d91   Thumb Code     6  basic.o(x$fpl$basic)
    __aeabi_dadd                             0x00004d99   Thumb Code     0  daddsub_clz.o(x$fpl$dadd)
    _dadd                                    0x00004d99   Thumb Code   332  daddsub_clz.o(x$fpl$dadd)
    __fpl_dcheck_NaN1                        0x00004ee9   Thumb Code    10  dcheck1.o(x$fpl$dcheck1)
    __fpl_dcmp_Inf                           0x00004ef9   Thumb Code    24  dcmpi.o(x$fpl$dcmpinf)
    __aeabi_ddiv                             0x00004f11   Thumb Code     0  ddiv.o(x$fpl$ddiv)
    _ddiv                                    0x00004f11   Thumb Code   556  ddiv.o(x$fpl$ddiv)
    __aeabi_cdcmpeq                          0x000051c5   Thumb Code     0  deqf.o(x$fpl$deqf)
    _dcmpeq                                  0x000051c5   Thumb Code   120  deqf.o(x$fpl$deqf)
    __aeabi_d2iz                             0x0000523d   Thumb Code     0  dfix.o(x$fpl$dfix)
    _dfix                                    0x0000523d   Thumb Code    94  dfix.o(x$fpl$dfix)
    __aeabi_i2d                              0x0000529b   Thumb Code     0  dflt_clz.o(x$fpl$dflt)
    _dflt                                    0x0000529b   Thumb Code    46  dflt_clz.o(x$fpl$dflt)
    __aeabi_cdcmple                          0x000052c9   Thumb Code     0  dleqf.o(x$fpl$dleqf)
    _dcmple                                  0x000052c9   Thumb Code   120  dleqf.o(x$fpl$dleqf)
    __fpl_dcmple_InfNaN                      0x0000532b   Thumb Code     0  dleqf.o(x$fpl$dleqf)
    __aeabi_dmul                             0x00005341   Thumb Code     0  dmul.o(x$fpl$dmul)
    _dmul                                    0x00005341   Thumb Code   332  dmul.o(x$fpl$dmul)
    __fpl_dnaninf                            0x00005495   Thumb Code   156  dnaninf.o(x$fpl$dnaninf)
    __fpl_dretinf                            0x00005531   Thumb Code    12  dretinf.o(x$fpl$dretinf)
    __aeabi_cdrcmple                         0x0000553d   Thumb Code     0  drleqf.o(x$fpl$drleqf)
    _drcmple                                 0x0000553d   Thumb Code   108  drleqf.o(x$fpl$drleqf)
    __aeabi_drsub                            0x000055a9   Thumb Code     0  daddsub_clz.o(x$fpl$drsb)
    _drsb                                    0x000055a9   Thumb Code    22  daddsub_clz.o(x$fpl$drsb)
    _dsqrt                                   0x000055c1   Thumb Code   404  dsqrt_umaal.o(x$fpl$dsqrt)
    __aeabi_dsub                             0x00005759   Thumb Code     0  daddsub_clz.o(x$fpl$dsub)
    _dsub                                    0x00005759   Thumb Code   472  daddsub_clz.o(x$fpl$dsub)
    _fp_init                                 0x00005935   Thumb Code    26  fpinit.o(x$fpl$fpinit)
    __fplib_config_fpu_vfp                   0x0000594d   Thumb Code     0  fpinit.o(x$fpl$fpinit)
    __fplib_config_pureend_doubles           0x0000594d   Thumb Code     0  fpinit.o(x$fpl$fpinit)
    __fpl_return_NaN                         0x0000594f   Thumb Code   100  retnan.o(x$fpl$retnan)
    __ARM_scalbn                             0x000059b3   Thumb Code    92  scalbn.o(x$fpl$scalbn)
    __fpl_cmpreturn                          0x00005a0f   Thumb Code    48  trapv.o(x$fpl$trapveneer)
    __I$use$fp                               0x00005a3e   Number         0  usenofp.o(x$fpl$usenofp)
    __mathlib_zero                           0x00005b00   Data           8  qnan.o(.constdata)
    uxTopUsedPriority                        0x00005b28   Data           4  tasks.o(.rodata.uxTopUsedPriority)
    Region$$Table$$Base                      0x00005b2c   Number         0  anon$$obj.o(Region$$Table)
    Region$$Table$$Limit                     0x00005b4c   Number         0  anon$$obj.o(Region$$Table)
    A                                        0x20000000   Data           8  adc.o(.data.A)
    B                                        0x20000008   Data           8  adc.o(.data.B)
    C                                        0x20000010   Data           8  adc.o(.data.C)
    R1                                       0x20000018   Data           4  adc.o(.data.R1)
    SystemCoreClock                          0x2000001c   Data           4  system_tm4c123.o(.data.SystemCoreClock)
    slack                                    0x20000020   Data           4  main.o(.data.slack)
    templimit                                0x20000024   Data           4  main.o(.data.templimit)
    __libspace_start                         0x20000030   Data          96  libspace.o(.bss)
    __temporary_stack_top$libspace           0x20000090   Data           0  libspace.o(.bss)
    pxCurrentTCB                             0x20000098   Data           4  tasks.o(.bss.pxCurrentTCB)
    xQueue                                   0x200041b0   Data           4  main.o(.bss.xQueue)



==============================================================================

Memory Map of the image

  Image Entry point : 0x00000315

  Load Region LR_1 (Base: 0x00000000, Size: 0x00005b7c, Max: 0xffffffff, ABSOLUTE)

    Execution Region ER_RO (Exec base: 0x00000000, Load base: 0x00000000, Size: 0x00005b4c, Max: 0xffffffff, ABSOLUTE)

    Exec Addr    Load Addr    Size         Type   Attr      Idx    E Section Name        Object

    0x00000000   0x00000000   0x0000026c   Data   RO          108    RESET               startup_tm4c123.o
    0x0000026c   0x0000026c   0x00000008   Code   RO         1354  * !!!main             c_w.l(__main.o)
    0x00000274   0x00000274   0x00000034   Code   RO         1622    !!!scatter          c_w.l(__scatter.o)
    0x000002a8   0x000002a8   0x0000001a   Code   RO         1624    !!handler_copy      c_w.l(__scatter_copy.o)
    0x000002c2   0x000002c2   0x00000002   PAD
    0x000002c4   0x000002c4   0x0000001c   Code   RO         1626    !!handler_zi        c_w.l(__scatter_zi.o)
    0x000002e0   0x000002e0   0x00000002   Code   RO         1483    .ARM.Collect$$libinit$$00000000  c_w.l(libinit.o)
    0x000002e2   0x000002e2   0x00000004   Code   RO         1488    .ARM.Collect$$libinit$$00000001  c_w.l(libinit2.o)
    0x000002e6   0x000002e6   0x00000000   Code   RO         1491    .ARM.Collect$$libinit$$00000004  c_w.l(libinit2.o)
    0x000002e6   0x000002e6   0x00000000   Code   RO         1493    .ARM.Collect$$libinit$$00000006  c_w.l(libinit2.o)
    0x000002e6   0x000002e6   0x00000000   Code   RO         1496    .ARM.Collect$$libinit$$0000000C  c_w.l(libinit2.o)
    0x000002e6   0x000002e6   0x00000000   Code   RO         1498    .ARM.Collect$$libinit$$0000000E  c_w.l(libinit2.o)
    0x000002e6   0x000002e6   0x00000000   Code   RO         1500    .ARM.Collect$$libinit$$00000010  c_w.l(libinit2.o)
    0x000002e6   0x000002e6   0x00000000   Code   RO         1503    .ARM.Collect$$libinit$$00000013  c_w.l(libinit2.o)
    0x000002e6   0x000002e6   0x00000000   Code   RO         1505    .ARM.Collect$$libinit$$00000015  c_w.l(libinit2.o)
    0x000002e6   0x000002e6   0x00000000   Code   RO         1507    .ARM.Collect$$libinit$$00000017  c_w.l(libinit2.o)
    0x000002e6   0x000002e6   0x00000000   Code   RO         1509    .ARM.Collect$$libinit$$00000019  c_w.l(libinit2.o)
    0x000002e6   0x000002e6   0x00000000   Code   RO         1511    .ARM.Collect$$libinit$$0000001B  c_w.l(libinit2.o)
    0x000002e6   0x000002e6   0x00000000   Code   RO         1513    .ARM.Collect$$libinit$$0000001D  c_w.l(libinit2.o)
    0x000002e6   0x000002e6   0x00000000   Code   RO         1515    .ARM.Collect$$libinit$$0000001F  c_w.l(libinit2.o)
    0x000002e6   0x000002e6   0x00000000   Code   RO         1517    .ARM.Collect$$libinit$$00000021  c_w.l(libinit2.o)
    0x000002e6   0x000002e6   0x00000000   Code   RO         1519    .ARM.Collect$$libinit$$00000023  c_w.l(libinit2.o)
    0x000002e6   0x000002e6   0x00000000   Code   RO         1521    .ARM.Collect$$libinit$$00000025  c_w.l(libinit2.o)
    0x000002e6   0x000002e6   0x00000000   Code   RO         1523    .ARM.Collect$$libinit$$00000027  c_w.l(libinit2.o)
    0x000002e6   0x000002e6   0x00000000   Code   RO         1527    .ARM.Collect$$libinit$$0000002E  c_w.l(libinit2.o)
    0x000002e6   0x000002e6   0x00000000   Code   RO         1529    .ARM.Collect$$libinit$$00000030  c_w.l(libinit2.o)
    0x000002e6   0x000002e6   0x00000000   Code   RO         1531    .ARM.Collect$$libinit$$00000032  c_w.l(libinit2.o)
    0x000002e6   0x000002e6   0x00000000   Code   RO         1533    .ARM.Collect$$libinit$$00000034  c_w.l(libinit2.o)
    0x000002e6   0x000002e6   0x00000002   Code   RO         1534    .ARM.Collect$$libinit$$00000035  c_w.l(libinit2.o)
    0x000002e8   0x000002e8   0x00000002   Code   RO         1558    .ARM.Collect$$libshutdown$$00000000  c_w.l(libshutdown.o)
    0x000002ea   0x000002ea   0x00000000   Code   RO         1573    .ARM.Collect$$libshutdown$$00000002  c_w.l(libshutdown2.o)
    0x000002ea   0x000002ea   0x00000000   Code   RO         1575    .ARM.Collect$$libshutdown$$00000004  c_w.l(libshutdown2.o)
    0x000002ea   0x000002ea   0x00000000   Code   RO         1578    .ARM.Collect$$libshutdown$$00000007  c_w.l(libshutdown2.o)
    0x000002ea   0x000002ea   0x00000000   Code   RO         1581    .ARM.Collect$$libshutdown$$0000000A  c_w.l(libshutdown2.o)
    0x000002ea   0x000002ea   0x00000000   Code   RO         1583    .ARM.Collect$$libshutdown$$0000000C  c_w.l(libshutdown2.o)
    0x000002ea   0x000002ea   0x00000000   Code   RO         1586    .ARM.Collect$$libshutdown$$0000000F  c_w.l(libshutdown2.o)
    0x000002ea   0x000002ea   0x00000002   Code   RO         1587    .ARM.Collect$$libshutdown$$00000010  c_w.l(libshutdown2.o)
    0x000002ec   0x000002ec   0x00000000   Code   RO         1392    .ARM.Collect$$rtentry$$00000000  c_w.l(__rtentry.o)
    0x000002ec   0x000002ec   0x00000000   Code   RO         1444    .ARM.Collect$$rtentry$$00000002  c_w.l(__rtentry2.o)
    0x000002ec   0x000002ec   0x00000006   Code   RO         1456    .ARM.Collect$$rtentry$$00000004  c_w.l(__rtentry4.o)
    0x000002f2   0x000002f2   0x00000000   Code   RO         1446    .ARM.Collect$$rtentry$$00000009  c_w.l(__rtentry2.o)
    0x000002f2   0x000002f2   0x00000004   Code   RO         1447    .ARM.Collect$$rtentry$$0000000A  c_w.l(__rtentry2.o)
    0x000002f6   0x000002f6   0x00000000   Code   RO         1449    .ARM.Collect$$rtentry$$0000000C  c_w.l(__rtentry2.o)
    0x000002f6   0x000002f6   0x00000008   Code   RO         1450    .ARM.Collect$$rtentry$$0000000D  c_w.l(__rtentry2.o)
    0x000002fe   0x000002fe   0x00000002   Code   RO         1486    .ARM.Collect$$rtexit$$00000000  c_w.l(rtexit.o)
    0x00000300   0x00000300   0x00000000   Code   RO         1538    .ARM.Collect$$rtexit$$00000002  c_w.l(rtexit2.o)
    0x00000300   0x00000300   0x00000004   Code   RO         1539    .ARM.Collect$$rtexit$$00000003  c_w.l(rtexit2.o)
    0x00000304   0x00000304   0x00000006   Code   RO         1540    .ARM.Collect$$rtexit$$00000004  c_w.l(rtexit2.o)
    0x0000030a   0x0000030a   0x00000002   PAD
    0x0000030c   0x0000030c   0x00000006   Code   RO          868    .emb_text           driverlib.lib(sysctl.o)
    0x00000312   0x00000312   0x00000002   PAD
    0x00000314   0x00000314   0x00000114   Code   RO          109  * .text               startup_tm4c123.o
    0x00000428   0x00000428   0x00000008   Code   RO         1344    .text               c_w.l(abs.o)
    0x00000430   0x00000430   0x0000008a   Code   RO         1348    .text               c_w.l(rt_memcpy_v6.o)
    0x000004ba   0x000004ba   0x00000010   Code   RO         1350    .text               c_w.l(aeabi_memset4.o)
    0x000004ca   0x000004ca   0x00000006   Code   RO         1352    .text               c_w.l(heapauxi.o)
    0x000004d0   0x000004d0   0x00000016   Code   RO         1393    .text               c_w.l(_rserrno.o)
    0x000004e6   0x000004e6   0x00000064   Code   RO         1395    .text               c_w.l(rt_memcpy_w.o)
    0x0000054a   0x0000054a   0x0000004e   Code   RO         1397    .text               c_w.l(rt_memclr_w.o)
    0x00000598   0x00000598   0x00000008   Code   RO         1461    .text               c_w.l(rt_errno_addr_intlibspace.o)
    0x000005a0   0x000005a0   0x00000008   Code   RO         1471    .text               c_w.l(libspace.o)
    0x000005a8   0x000005a8   0x0000004a   Code   RO         1474    .text               c_w.l(sys_stackheap_outer.o)
    0x000005f2   0x000005f2   0x00000012   Code   RO         1476    .text               c_w.l(exit.o)
    0x00000604   0x00000604   0x0000000c   Code   RO         1548    .text               c_w.l(sys_exit.o)
    0x00000610   0x00000610   0x00000002   Code   RO         1563    .text               c_w.l(use_no_semi.o)
    0x00000612   0x00000612   0x00000000   Code   RO         1565    .text               c_w.l(indicate_semi.o)
    0x00000612   0x00000612   0x00000002   PAD
    0x00000614   0x00000614   0x000000cc   Code   RO           81    .text.ADCInt        adc.o
    0x000006e0   0x000006e0   0x0000008c   Code   RO            6    .text.ADC_Task      main.o
    0x0000076c   0x0000076c   0x00000004   PAD
    0x00000770   0x00000770   0x00000198   Code   RO           83    .text.ADCreadTemp   adc.o
    0x00000908   0x00000908   0x0000000c   Code   RO            2    .text.INIT          main.o
    0x00000914   0x00000914   0x00000014   Code   RO           37    .text.LCD_CTRL_BUS  lcd.o
    0x00000928   0x00000928   0x0000003c   Code   RO           39    .text.LCD_DATA_BUS  lcd.o
    0x00000964   0x00000964   0x0000004e   Code   RO            4    .text.LCD_Task      main.o
    0x000009b2   0x000009b2   0x00000002   PAD
    0x000009b4   0x000009b4   0x00000020   Code   RO           49    .text.LCD_clear     lcd.o
    0x000009d4   0x000009d4   0x00000076   Code   RO           35    .text.LCD_create    lcd.o
    0x00000a4a   0x00000a4a   0x00000002   PAD
    0x00000a4c   0x00000a4c   0x0000005a   Code   RO           51    .text.LCD_inc_cnt   lcd.o
    0x00000aa6   0x00000aa6   0x00000002   PAD
    0x00000aa8   0x00000aa8   0x000000ac   Code   RO           43    .text.LCD_init      lcd.o
    0x00000b54   0x00000b54   0x00000076   Code   RO           47    .text.LCD_sendByte  lcd.o
    0x00000bca   0x00000bca   0x00000002   PAD
    0x00000bcc   0x00000bcc   0x00000086   Code   RO           45    .text.LCD_sendNibble  lcd.o
    0x00000c52   0x00000c52   0x00000002   PAD
    0x00000c54   0x00000c54   0x0000006a   Code   RO           57    .text.LCD_sendNum   lcd.o
    0x00000cbe   0x00000cbe   0x00000002   PAD
    0x00000cc0   0x00000cc0   0x00000054   Code   RO           55    .text.LCD_setPosition  lcd.o
    0x00000d14   0x00000d14   0x0000003e   Code   RO           41    .text.LCD_setup     lcd.o
    0x00000d52   0x00000d52   0x0000000e   PAD
    0x00000d60   0x00000d60   0x00000064   Code   RO          168    .text.PendSV_Handler  port.o
    0x00000dc4   0x00000dc4   0x0000000c   PAD
    0x00000dd0   0x00000dd0   0x00000024   Code   RO          152    .text.SVC_Handler   port.o
    0x00000df4   0x00000df4   0x0000003c   Code   RO          170    .text.SysTick_Handler  port.o
    0x00000e30   0x00000e30   0x0000010c   Code   RO          120    .text.SystemInit    system_tm4c123.o
    0x00000f3c   0x00000f3c   0x00000080   Code   RO          388    .text.eTaskConfirmSleepModeStatus  tasks.o
    0x00000fbc   0x00000fbc   0x00000080   Code   RO            8    .text.main          main.o
    0x0000103c   0x0000103c   0x00000122   Code   RO          310    .text.prvAddCurrentTaskToDelayedList  tasks.o
    0x0000115e   0x0000115e   0x00000002   PAD
    0x00001160   0x00001160   0x00000154   Code   RO          298    .text.prvAddNewTaskToReadyList  tasks.o
    0x000012b4   0x000012b4   0x0000006a   Code   RO          464    .text.prvCheckForValidListAndQueue  timers.o
    0x0000131e   0x0000131e   0x00000002   PAD
    0x00001320   0x00001320   0x0000005a   Code   RO          428    .text.prvCheckTasksWaitingTermination  tasks.o
    0x0000137a   0x0000137a   0x00000002   PAD
    0x0000137c   0x0000137c   0x00000042   Code   RO          245    .text.prvCopyDataFromQueue  queue.o
    0x000013be   0x000013be   0x00000002   PAD
    0x000013c0   0x000013c0   0x000000cc   Code   RO          231    .text.prvCopyDataToQueue  queue.o
    0x0000148c   0x0000148c   0x00000018   Code   RO          304    .text.prvDeleteTCB  tasks.o
    0x000014a4   0x000014a4   0x0000007c   Code   RO          430    .text.prvGetExpectedIdleTime  tasks.o
    0x00001520   0x00001520   0x00000040   Code   RO          500    .text.prvGetNextExpireTime  timers.o
    0x00001560   0x00001560   0x0000009a   Code   RO          336    .text.prvIdleTask   tasks.o
    0x000015fa   0x000015fa   0x00000002   PAD
    0x000015fc   0x000015fc   0x0000004e   Code   RO          211    .text.prvInitialiseNewQueue  queue.o
    0x0000164a   0x0000164a   0x00000002   PAD
    0x0000164c   0x0000164c   0x00000146   Code   RO          296    .text.prvInitialiseNewTask  tasks.o
    0x00001792   0x00001792   0x00000002   PAD
    0x00001794   0x00001794   0x0000008e   Code   RO          426    .text.prvInitialiseTaskLists  tasks.o
    0x00001822   0x00001822   0x00000002   PAD
    0x00001824   0x00001824   0x00000086   Code   RO          514    .text.prvInsertTimerInActiveList  timers.o
    0x000018aa   0x000018aa   0x00000002   PAD
    0x000018ac   0x000018ac   0x00000028   Code   RO          247    .text.prvIsQueueEmpty  queue.o
    0x000018d4   0x000018d4   0x0000002e   Code   RO          235    .text.prvIsQueueFull  queue.o
    0x00001902   0x00001902   0x00000002   PAD
    0x00001904   0x00001904   0x000000d8   Code   RO          233    .text.prvNotifyQueueSetContainer  queue.o
    0x000019dc   0x000019dc   0x00000028   Code   RO          160    .text.prvPortStartFirstTask  port.o
    0x00001a04   0x00001a04   0x00000054   Code   RO          508    .text.prvProcessExpiredTimer  timers.o
    0x00001a58   0x00001a58   0x00000180   Code   RO          504    .text.prvProcessReceivedCommands  timers.o
    0x00001bd8   0x00001bd8   0x0000009a   Code   RO          502    .text.prvProcessTimerOrBlockTask  timers.o
    0x00001c72   0x00001c72   0x00000002   PAD
    0x00001c74   0x00001c74   0x00000034   Code   RO          512    .text.prvReloadTimer  timers.o
    0x00001ca8   0x00001ca8   0x0000003c   Code   RO          302    .text.prvResetNextTaskUnblockTime  tasks.o
    0x00001ce4   0x00001ce4   0x00000044   Code   RO          506    .text.prvSampleTimeNow  timers.o
    0x00001d28   0x00001d28   0x00000052   Code   RO          510    .text.prvSwitchTimerLists  timers.o
    0x00001d7a   0x00001d7a   0x00000002   PAD
    0x00001d7c   0x00001d7c   0x0000004c   Code   RO          150    .text.prvTaskExitError  port.o
    0x00001dc8   0x00001dc8   0x0000001e   Code   RO          466    .text.prvTimerTask  timers.o
    0x00001de6   0x00001de6   0x00000002   PAD
    0x00001de8   0x00001de8   0x000000cc   Code   RO          237    .text.prvUnlockQueue  queue.o
    0x00001eb4   0x00001eb4   0x000000c0   Code   RO          189    .text.pvPortMalloc  heap_1.o
    0x00001f74   0x00001f74   0x0000005e   Code   RO          148    .text.pxPortInitialiseStack  port.o
    0x00001fd2   0x00001fd2   0x00000002   PAD
    0x00001fd4   0x00001fd4   0x00000058   Code   RO           96    .text.relay_Init    relay.o
    0x0000202c   0x0000202c   0x00000048   Code   RO          139    .text.uxListRemove  list.o
    0x00002074   0x00002074   0x0000002e   Code   RO          131    .text.vListInitialise  list.o
    0x000020a2   0x000020a2   0x00000002   PAD
    0x000020a4   0x000020a4   0x0000000e   Code   RO          133    .text.vListInitialiseItem  list.o
    0x000020b2   0x000020b2   0x00000002   PAD
    0x000020b4   0x000020b4   0x0000006a   Code   RO          137    .text.vListInsert   list.o
    0x0000211e   0x0000211e   0x00000002   PAD
    0x00002120   0x00002120   0x00000014   Code   RO          158    .text.vPortEnableVFP  port.o
    0x00002134   0x00002134   0x00000056   Code   RO          164    .text.vPortEnterCritical  port.o
    0x0000218a   0x0000218a   0x00000002   PAD
    0x0000218c   0x0000218c   0x0000004a   Code   RO          166    .text.vPortExitCritical  port.o
    0x000021d6   0x000021d6   0x00000002   PAD
    0x000021d8   0x000021d8   0x00000024   Code   RO          191    .text.vPortFree     heap_1.o
    0x000021fc   0x000021fc   0x00000078   Code   RO          156    .text.vPortSetupTimerInterrupt  port.o
    0x00002274   0x00002274   0x0000020c   Code   RO          172    .text.vPortSuppressTicksAndSleep  port.o
    0x00002480   0x00002480   0x00000064   Code   RO          275    .text.vQueueWaitForMessageRestricted  queue.o
    0x000024e4   0x000024e4   0x0000006e   Code   RO          314    .text.vTaskDelay    tasks.o
    0x00002552   0x00002552   0x00000002   PAD
    0x00002554   0x00002554   0x00000024   Code   RO          378    .text.vTaskInternalSetTimeOutState  tasks.o
    0x00002578   0x00002578   0x0000000e   Code   RO          382    .text.vTaskMissedYield  tasks.o
    0x00002586   0x00002586   0x00000002   PAD
    0x00002588   0x00002588   0x00000042   Code   RO          366    .text.vTaskPlaceOnEventList  tasks.o
    0x000025ca   0x000025ca   0x00000002   PAD
    0x000025cc   0x000025cc   0x0000007c   Code   RO          370    .text.vTaskPlaceOnEventListRestricted  tasks.o
    0x00002648   0x00002648   0x000000ba   Code   RO          334    .text.vTaskStartScheduler  tasks.o
    0x00002702   0x00002702   0x00000002   PAD
    0x00002704   0x00002704   0x0000004c   Code   RO          360    .text.vTaskStepTick  tasks.o
    0x00002750   0x00002750   0x00000010   Code   RO          308    .text.vTaskSuspendAll  tasks.o
    0x00002760   0x00002760   0x000000be   Code   RO          326    .text.vTaskSwitchContext  tasks.o
    0x0000281e   0x0000281e   0x00000002   PAD
    0x00002820   0x00002820   0x00000156   Code   RO          154    .text.xPortStartScheduler  port.o
    0x00002976   0x00002976   0x00000002   PAD
    0x00002978   0x00002978   0x0000009a   Code   RO          209    .text.xQueueGenericCreate  queue.o
    0x00002a12   0x00002a12   0x00000002   PAD
    0x00002a14   0x00002a14   0x00000108   Code   RO          207    .text.xQueueGenericReset  queue.o
    0x00002b1c   0x00002b1c   0x00000274   Code   RO          223    .text.xQueueGenericSend  queue.o
    0x00002d90   0x00002d90   0x000001dc   Code   RO          243    .text.xQueueReceive  queue.o
    0x00002f6c   0x00002f6c   0x000000fc   Code   RO          380    .text.xTaskCheckForTimeOut  tasks.o
    0x00003068   0x00003068   0x00000098   Code   RO          294    .text.xTaskCreate   tasks.o
    0x00003100   0x00003100   0x00000038   Code   RO          400    .text.xTaskGetSchedulerState  tasks.o
    0x00003138   0x00003138   0x00000014   Code   RO          342    .text.xTaskGetTickCount  tasks.o
    0x0000314c   0x0000314c   0x00000260   Code   RO          340    .text.xTaskIncrementTick  tasks.o
    0x000033ac   0x000033ac   0x00000138   Code   RO          404    .text.xTaskPriorityDisinherit  tasks.o
    0x000034e4   0x000034e4   0x00000192   Code   RO          372    .text.xTaskRemoveFromEventList  tasks.o
    0x00003676   0x00003676   0x00000002   PAD
    0x00003678   0x00003678   0x00000222   Code   RO          312    .text.xTaskResumeAll  tasks.o
    0x0000389a   0x0000389a   0x00000002   PAD
    0x0000389c   0x0000389c   0x0000006c   Code   RO          462    .text.xTimerCreateTimerTask  timers.o
    0x00003908   0x00003908   0x00000028   Code   RO          535    i.GPIODirModeSet    driverlib.lib(gpio.o)
    0x00003930   0x00003930   0x00000170   Code   RO          547    i.GPIOPadConfigSet  driverlib.lib(gpio.o)
    0x00003aa0   0x00003aa0   0x0000001c   Code   RO          559    i.GPIOPinTypeGPIOOutput  driverlib.lib(gpio.o)
    0x00003abc   0x00003abc   0x00000006   Code   RO          577    i.GPIOPinWrite      driverlib.lib(gpio.o)
    0x00003ac2   0x00003ac2   0x00000002   PAD
    0x00003ac4   0x00003ac4   0x00000028   Code   RO          902    i.SysCtlPeripheralEnable  driverlib.lib(sysctl.o)
    0x00003aec   0x00003aec   0x00000030   Code   RO         1432    i.__ARM_fpclassify  m_wm.l(fpclassify.o)
    0x00003b1c   0x00003b1c   0x00000004   PAD
    0x00003b20   0x00003b20   0x000003c4   Code   RO         1378    i.__hardfp_log      m_wm.l(log.o)
    0x00003ee4   0x00003ee4   0x00000004   PAD
    0x00003ee8   0x00003ee8   0x00000c60   Code   RO         1385    i.__hardfp_pow      m_wm.l(pow.o)
    0x00004b48   0x00004b48   0x000000f8   Code   RO         1434    i.__kernel_poly     m_wm.l(poly.o)
    0x00004c40   0x00004c40   0x00000030   Code   RO         1412    i.__mathlib_dbl_divzero  m_wm.l(dunder.o)
    0x00004c70   0x00004c70   0x00000014   Code   RO         1413    i.__mathlib_dbl_infnan  m_wm.l(dunder.o)
    0x00004c84   0x00004c84   0x00000014   Code   RO         1414    i.__mathlib_dbl_infnan2  m_wm.l(dunder.o)
    0x00004c98   0x00004c98   0x00000020   Code   RO         1415    i.__mathlib_dbl_invalid  m_wm.l(dunder.o)
    0x00004cb8   0x00004cb8   0x00000020   Code   RO         1416    i.__mathlib_dbl_overflow  m_wm.l(dunder.o)
    0x00004cd8   0x00004cd8   0x00000020   Code   RO         1418    i.__mathlib_dbl_underflow  m_wm.l(dunder.o)
    0x00004cf8   0x00004cf8   0x00000018   Code   RO         1428    i.fabs              m_wm.l(fabs.o)
    0x00004d10   0x00004d10   0x0000006e   Code   RO         1439    i.sqrt              m_wm.l(sqrt.o)
    0x00004d7e   0x00004d7e   0x00000018   Code   RO         1399    x$fpl$basic         fz_wm.l(basic.o)
    0x00004d96   0x00004d96   0x00000002   PAD
    0x00004d98   0x00004d98   0x00000150   Code   RO         1356    x$fpl$dadd          fz_wm.l(daddsub_clz.o)
    0x00004ee8   0x00004ee8   0x00000010   Code   RO         1463    x$fpl$dcheck1       fz_wm.l(dcheck1.o)
    0x00004ef8   0x00004ef8   0x00000018   Code   RO         1465    x$fpl$dcmpinf       fz_wm.l(dcmpi.o)
    0x00004f10   0x00004f10   0x000002b4   Code   RO         1363    x$fpl$ddiv          fz_wm.l(ddiv.o)
    0x000051c4   0x000051c4   0x00000078   Code   RO         1401    x$fpl$deqf          fz_wm.l(deqf.o)
    0x0000523c   0x0000523c   0x0000005e   Code   RO         1366    x$fpl$dfix          fz_wm.l(dfix.o)
    0x0000529a   0x0000529a   0x0000002e   Code   RO         1371    x$fpl$dflt          fz_wm.l(dflt_clz.o)
    0x000052c8   0x000052c8   0x00000078   Code   RO         1467    x$fpl$dleqf         fz_wm.l(dleqf.o)
    0x00005340   0x00005340   0x00000154   Code   RO         1376    x$fpl$dmul          fz_wm.l(dmul.o)
    0x00005494   0x00005494   0x0000009c   Code   RO         1403    x$fpl$dnaninf       fz_wm.l(dnaninf.o)
    0x00005530   0x00005530   0x0000000c   Code   RO         1405    x$fpl$dretinf       fz_wm.l(dretinf.o)
    0x0000553c   0x0000553c   0x0000006c   Code   RO         1407    x$fpl$drleqf        fz_wm.l(drleqf.o)
    0x000055a8   0x000055a8   0x00000016   Code   RO         1357    x$fpl$drsb          fz_wm.l(daddsub_clz.o)
    0x000055be   0x000055be   0x00000002   PAD
    0x000055c0   0x000055c0   0x00000198   Code   RO         1469    x$fpl$dsqrt         fz_wm.l(dsqrt_umaal.o)
    0x00005758   0x00005758   0x000001dc   Code   RO         1358    x$fpl$dsub          fz_wm.l(daddsub_clz.o)
    0x00005934   0x00005934   0x0000001a   Code   RO         1546    x$fpl$fpinit        fz_wm.l(fpinit.o)
    0x0000594e   0x0000594e   0x00000064   Code   RO         1484    x$fpl$retnan        fz_wm.l(retnan.o)
    0x000059b2   0x000059b2   0x0000005c   Code   RO         1409    x$fpl$scalbn        fz_wm.l(scalbn.o)
    0x00005a0e   0x00005a0e   0x00000030   Code   RO         1535    x$fpl$trapveneer    fz_wm.l(trapv.o)
    0x00005a3e   0x00005a3e   0x00000000   Code   RO         1411    x$fpl$usenofp       fz_wm.l(usenofp.o)
    0x00005a3e   0x00005a3e   0x00000002   PAD
    0x00005a40   0x00005a40   0x00000038   Data   RO         1381    .constdata          m_wm.l(log.o)
    0x00005a78   0x00005a78   0x00000088   Data   RO         1388    .constdata          m_wm.l(pow.o)
    0x00005b00   0x00005b00   0x00000008   Data   RO         1436    .constdata          m_wm.l(qnan.o)
    0x00005b08   0x00005b08   0x00000012   Data   RO           13    .rodata.str1.1      main.o
    0x00005b1a   0x00005b1a   0x00000005   Data   RO          448    .rodata.str1.1      tasks.o
    0x00005b1f   0x00005b1f   0x00000008   Data   RO          517    .rodata.str1.1      timers.o
    0x00005b27   0x00005b27   0x00000001   PAD
    0x00005b28   0x00005b28   0x00000004   Data   RO          433    .rodata.uxTopUsedPriority  tasks.o
    0x00005b2c   0x00005b2c   0x00000020   Data   RO         1621    Region$$Table       anon$$obj.o


    Execution Region ER_RW (Exec base: 0x20000000, Load base: 0x00005b50, Size: 0x0000002c, Max: 0xffffffff, ABSOLUTE)

    Exec Addr    Load Addr    Size         Type   Attr      Idx    E Section Name        Object

    0x20000000   0x00005b50   0x00000008   Data   RW           86    .data.A             adc.o
    0x20000008   0x00005b58   0x00000008   Data   RW           87    .data.B             adc.o
    0x20000010   0x00005b60   0x00000008   Data   RW           88    .data.C             adc.o
    0x20000018   0x00005b68   0x00000004   Data   RW           85    .data.R1            adc.o
    0x2000001c   0x00005b6c   0x00000004   Data   RW          122    .data.SystemCoreClock  system_tm4c123.o
    0x20000020   0x00005b70   0x00000004   Data   RW           10    .data.slack         main.o
    0x20000024   0x00005b74   0x00000004   Data   RW           11    .data.templimit     main.o
    0x20000028   0x00005b78   0x00000004   Data   RW          178    .data.uxCriticalNesting  port.o


    Execution Region ER_ZI (Exec base: 0x20000030, Load base: 0x00005b7c, Size: 0x000043c0, Max: 0xffffffff, ABSOLUTE)

    Exec Addr    Load Addr    Size         Type   Attr      Idx    E Section Name        Object

    0x20000030        -       0x00000060   Zero   RW         1472    .bss                c_w.l(libspace.o)
    0x20000090        -       0x00000004   Zero   RW          521    .bss.prvSampleTimeNow.xLastTime  timers.o
    0x20000094        -       0x00000004   Zero   RW          197    .bss.pvPortMalloc.pucAlignedHeap  heap_1.o
    0x20000098        -       0x00000004   Zero   RW          432    .bss.pxCurrentTCB   tasks.o
    0x2000009c        -       0x00000004   Zero   RW          519    .bss.pxCurrentTimerList  timers.o
    0x200000a0        -       0x00000004   Zero   RW          443    .bss.pxDelayedTaskList  tasks.o
    0x200000a4        -       0x00000004   Zero   RW          444    .bss.pxOverflowDelayedTaskList  tasks.o
    0x200000a8        -       0x00000004   Zero   RW          520    .bss.pxOverflowTimerList  timers.o
    0x200000ac        -       0x00000064   Zero   RW          434    .bss.pxReadyTasksLists  tasks.o
    0x20000110        -       0x00004000   Zero   RW          198    .bss.ucHeap         heap_1.o
    0x20004110        -       0x00000001   Zero   RW          176    .bss.ucMaxSysCallPriority  port.o
    0x20004111   0x00005b7c   0x00000003   PAD
    0x20004114        -       0x00000004   Zero   RW          177    .bss.ulMaxPRIGROUPValue  port.o
    0x20004118        -       0x00000004   Zero   RW          181    .bss.ulStoppedTimerCompensation  port.o
    0x2000411c        -       0x00000004   Zero   RW          180    .bss.ulTimerCountsForOneTick  port.o
    0x20004120        -       0x00000004   Zero   RW          439    .bss.uxCurrentNumberOfTasks  tasks.o
    0x20004124        -       0x00000004   Zero   RW          438    .bss.uxDeletedTasksWaitingCleanUp  tasks.o
    0x20004128        -       0x00000004   Zero   RW          441    .bss.uxSchedulerSuspended  tasks.o
    0x2000412c        -       0x00000004   Zero   RW          436    .bss.uxTaskNumber   tasks.o
    0x20004130        -       0x00000004   Zero   RW          435    .bss.uxTopReadyPriority  tasks.o
    0x20004134        -       0x00000014   Zero   RW          522    .bss.xActiveTimerList1  timers.o
    0x20004148        -       0x00000014   Zero   RW          523    .bss.xActiveTimerList2  timers.o
    0x2000415c        -       0x00000014   Zero   RW          453    .bss.xDelayedTaskList1  tasks.o
    0x20004170        -       0x00000014   Zero   RW          454    .bss.xDelayedTaskList2  tasks.o
    0x20004184        -       0x00000004   Zero   RW          449    .bss.xIdleTaskHandle  tasks.o
    0x20004188        -       0x00000004   Zero   RW          179    .bss.xMaximumPossibleSuppressedTicks  port.o
    0x2000418c        -       0x00000004   Zero   RW          199    .bss.xNextFreeByte  heap_1.o
    0x20004190        -       0x00000004   Zero   RW          450    .bss.xNextTaskUnblockTime  tasks.o
    0x20004194        -       0x00000004   Zero   RW          452    .bss.xNumOfOverflows  tasks.o
    0x20004198        -       0x00000004   Zero   RW          451    .bss.xPendedTicks   tasks.o
    0x2000419c        -       0x00000014   Zero   RW          447    .bss.xPendingReadyList  tasks.o
    0x200041b0        -       0x00000004   Zero   RW           12    .bss.xQueue         main.o
    0x200041b4        -       0x00000004   Zero   RW          440    .bss.xSchedulerRunning  tasks.o
    0x200041b8        -       0x00000014   Zero   RW          445    .bss.xSuspendedTaskList  tasks.o
    0x200041cc        -       0x00000014   Zero   RW          437    .bss.xTasksWaitingTermination  tasks.o
    0x200041e0        -       0x00000004   Zero   RW          442    .bss.xTickCount     tasks.o
    0x200041e4        -       0x00000004   Zero   RW          516    .bss.xTimerQueue    timers.o
    0x200041e8        -       0x00000004   Zero   RW          518    .bss.xTimerTaskHandle  timers.o
    0x200041ec        -       0x00000004   Zero   RW          446    .bss.xYieldPending  tasks.o
    0x200041f0        -       0x00000000   Zero   RW          107    HEAP                startup_tm4c123.o
    0x200041f0        -       0x00000200   Zero   RW          106    STACK               startup_tm4c123.o


==============================================================================

Image component sizes


      Code (inc. data)   RO Data    RW Data    ZI Data      Debug   Object Name

       612         32          0         28          0       1037   adc.o
       228          0          0          0      16392       1768   heap_1.o
       996          0          0          0          0       3261   lcd.o
       238          0          0          0          0       2319   list.o
       358          0         18          8          4       1881   main.o
      1572         16          0          4         17       4858   port.o
      2476          0          0          0          0      16967   queue.o
        88          0          0          0          0        750   relay.o
       276         24        620          0        512       5476   startup_tm4c123.o
       268          0          0          4          0       6737   system_tm4c123.o
      4844          0          9          0        260      27169   tasks.o
      1266         10          8          0         60       9444   timers.o

    ----------------------------------------------------------------------
     13320         94        688         44      17248      81667   Object Totals
         0          0         32          0          0          0   (incl. Generated)
        98         12          1          0          3          0   (incl. Padding)

    ----------------------------------------------------------------------

      Code (inc. data)   RO Data    RW Data    ZI Data      Debug   Library Member Name

         8          0          0          0          0         68   __main.o
         0          0          0          0          0          0   __rtentry.o
        12          0          0          0          0          0   __rtentry2.o
         6          0          0          0          0          0   __rtentry4.o
        52          8          0          0          0          0   __scatter.o
        26          0          0          0          0          0   __scatter_copy.o
        28          0          0          0          0          0   __scatter_zi.o
        22          0          0          0          0        100   _rserrno.o
         8          0          0          0          0         68   abs.o
        16          0          0          0          0         68   aeabi_memset4.o
        18          0          0          0          0         80   exit.o
         6          0          0          0          0        152   heapauxi.o
         0          0          0          0          0          0   indicate_semi.o
         2          0          0          0          0          0   libinit.o
         6          0          0          0          0          0   libinit2.o
         2          0          0          0          0          0   libshutdown.o
         2          0          0          0          0          0   libshutdown2.o
         8          4          0          0         96         68   libspace.o
         8          4          0          0          0         68   rt_errno_addr_intlibspace.o
        78          0          0          0          0         80   rt_memclr_w.o
       138          0          0          0          0         68   rt_memcpy_v6.o
       100          0          0          0          0         80   rt_memcpy_w.o
         2          0          0          0          0          0   rtexit.o
        10          0          0          0          0          0   rtexit2.o
        12          4          0          0          0         68   sys_exit.o
        74          0          0          0          0         80   sys_stackheap_outer.o
         2          0          0          0          0         68   use_no_semi.o
       442         14          0          0          0       7763   gpio.o
        46          4          0          0          0        877   sysctl.o
        24          0          0          0          0        164   basic.o
       834         16          0          0          0        516   daddsub_clz.o
        16          4          0          0          0        116   dcheck1.o
        24          0          0          0          0        116   dcmpi.o
       692        140          0          0          0        264   ddiv.o
       120          4          0          0          0        140   deqf.o
        94          4          0          0          0        140   dfix.o
        46          0          0          0          0        116   dflt_clz.o
       120          4          0          0          0        140   dleqf.o
       340         12          0          0          0        152   dmul.o
       156          4          0          0          0        140   dnaninf.o
        12          0          0          0          0        116   dretinf.o
       108          0          0          0          0        128   drleqf.o
       408         56          0          0          0        168   dsqrt_umaal.o
        26          0          0          0          0        116   fpinit.o
       100          0          0          0          0        116   retnan.o
        92          0          0          0          0        116   scalbn.o
        48          0          0          0          0        116   trapv.o
         0          0          0          0          0          0   usenofp.o
       184         44          0          0          0        744   dunder.o
        24          0          0          0          0        124   fabs.o
        48          0          0          0          0        124   fpclassify.o
       964         92         56          0          0        316   log.o
       248          0          0          0          0        152   poly.o
      3168        296        136          0          0        352   pow.o
         0          0          8          0          0          0   qnan.o
       110          0          0          0          0        148   sqrt.o

    ----------------------------------------------------------------------
      9164        718        200          0         96      14596   Library Totals
        24          4          0          0          0          0   (incl. Padding)

    ----------------------------------------------------------------------

      Code (inc. data)   RO Data    RW Data    ZI Data      Debug   Library Name

       646         20          0          0         96       1116   c_w.l
       488         18          0          0          0       8640   driverlib.lib
      3260        244          0          0          0       2880   fz_wm.l
      4746        432        200          0          0       1960   m_wm.l

    ----------------------------------------------------------------------
      9164        718        200          0         96      14596   Library Totals

    ----------------------------------------------------------------------

==============================================================================


      Code (inc. data)   RO Data    RW Data    ZI Data      Debug   

     22484        812        888         44      17344      92243   Grand Totals
     22484        812        888         44      17344      92243   ELF Image Totals
     22484        812        888         44          0          0   ROM Totals

==============================================================================

    Total RO  Size (Code + RO Data)                23372 (  22.82kB)
    Total RW  Size (RW Data + ZI Data)             17388 (  16.98kB)
    Total ROM Size (Code + RO Data + RW Data)      23416 (  22.87kB)

==============================================================================

